Component: ARM Compiler 5.05 update 1 (build 106) Tool: armlink [4d0efa]

==============================================================================

Section Cross References

    main.o(i.BASE_Init) refers to nvic.o(i.NVIC_Configuration) for NVIC_Configuration
    main.o(i.BASE_Init) refers to delay.o(i.delay_init) for delay_init
    main.o(i.BASE_Init) refers to uart4.o(i.UART4_Init) for UART4_Init
    main.o(i.BASE_Init) refers to usart1.o(i.USART1_Init) for USART1_Init
    main.o(i.BASE_Init) refers to usart2.o(i.USART2_Init) for USART2_Init
    main.o(i.BASE_Init) refers to timer.o(i.TIMER_Init) for TIMER_Init
    main.o(i.BASE_Init) refers to led.o(i.LED_Init) for LED_Init
    main.o(i.main) refers to main.o(i.BASE_Init) for BASE_Init
    stm32f4xx_it.o(i.HardFault_Handler) refers to delay.o(i.delay_ms) for delay_ms
    system_stm32f4xx.o(i.SystemCoreClockUpdate) refers to system_stm32f4xx.o(.data) for SystemCoreClock
    system_stm32f4xx.o(i.SystemInit) refers to system_stm32f4xx.o(i.SetSysClock) for SetSysClock
    delay.o(i.delay_init) refers to misc.o(i.SysTick_CLKSourceConfig) for SysTick_CLKSourceConfig
    delay.o(i.delay_init) refers to delay.o(.data) for fac_us
    delay.o(i.delay_ms) refers to delay.o(i.delay_xms) for delay_xms
    delay.o(i.delay_ns) refers to delay.o(.data) for fac_ns
    delay.o(i.delay_us) refers to delay.o(.data) for fac_us
    delay.o(i.delay_xms) refers to delay.o(.data) for fac_ms
    led.o(i.LED_Init) refers to stm32f4xx_gpio.o(i.GPIO_Init) for GPIO_Init
    led.o(i.LED_Init) refers to stm32f4xx_gpio.o(i.GPIO_ResetBits) for GPIO_ResetBits
    timer.o(i.TIM14_Init) refers to stm32f4xx_rcc.o(i.RCC_APB1PeriphClockCmd) for RCC_APB1PeriphClockCmd
    timer.o(i.TIM14_Init) refers to stm32f4xx_tim.o(i.TIM_TimeBaseInit) for TIM_TimeBaseInit
    timer.o(i.TIM14_Init) refers to stm32f4xx_tim.o(i.TIM_ITConfig) for TIM_ITConfig
    timer.o(i.TIM14_Init) refers to stm32f4xx_tim.o(i.TIM_Cmd) for TIM_Cmd
    timer.o(i.TIM14_Init) refers to misc.o(i.NVIC_Init) for NVIC_Init
    timer.o(i.TIM3_Init) refers to stm32f4xx_rcc.o(i.RCC_AHB1PeriphClockCmd) for RCC_AHB1PeriphClockCmd
    timer.o(i.TIM3_Init) refers to stm32f4xx_rcc.o(i.RCC_APB1PeriphClockCmd) for RCC_APB1PeriphClockCmd
    timer.o(i.TIM3_Init) refers to stm32f4xx_gpio.o(i.GPIO_PinAFConfig) for GPIO_PinAFConfig
    timer.o(i.TIM3_Init) refers to stm32f4xx_gpio.o(i.GPIO_Init) for GPIO_Init
    timer.o(i.TIM3_Init) refers to stm32f4xx_tim.o(i.TIM_TimeBaseInit) for TIM_TimeBaseInit
    timer.o(i.TIM3_Init) refers to stm32f4xx_tim.o(i.TIM_EncoderInterfaceConfig) for TIM_EncoderInterfaceConfig
    timer.o(i.TIM3_Init) refers to stm32f4xx_tim.o(i.TIM_ICInit) for TIM_ICInit
    timer.o(i.TIM3_Init) refers to misc.o(i.NVIC_Init) for NVIC_Init
    timer.o(i.TIM3_Init) refers to stm32f4xx_tim.o(i.TIM_ClearFlag) for TIM_ClearFlag
    timer.o(i.TIM3_Init) refers to stm32f4xx_tim.o(i.TIM_ITConfig) for TIM_ITConfig
    timer.o(i.TIM3_Init) refers to stm32f4xx_tim.o(i.TIM_SetCounter) for TIM_SetCounter
    timer.o(i.TIM3_Init) refers to stm32f4xx_tim.o(i.TIM_Cmd) for TIM_Cmd
    timer.o(i.TIM4_Init) refers to stm32f4xx_rcc.o(i.RCC_AHB1PeriphClockCmd) for RCC_AHB1PeriphClockCmd
    timer.o(i.TIM4_Init) refers to stm32f4xx_rcc.o(i.RCC_APB1PeriphClockCmd) for RCC_APB1PeriphClockCmd
    timer.o(i.TIM4_Init) refers to stm32f4xx_gpio.o(i.GPIO_PinAFConfig) for GPIO_PinAFConfig
    timer.o(i.TIM4_Init) refers to stm32f4xx_gpio.o(i.GPIO_Init) for GPIO_Init
    timer.o(i.TIM4_Init) refers to stm32f4xx_tim.o(i.TIM_TimeBaseInit) for TIM_TimeBaseInit
    timer.o(i.TIM4_Init) refers to stm32f4xx_tim.o(i.TIM_EncoderInterfaceConfig) for TIM_EncoderInterfaceConfig
    timer.o(i.TIM4_Init) refers to stm32f4xx_tim.o(i.TIM_ICInit) for TIM_ICInit
    timer.o(i.TIM4_Init) refers to misc.o(i.NVIC_Init) for NVIC_Init
    timer.o(i.TIM4_Init) refers to stm32f4xx_tim.o(i.TIM_ClearFlag) for TIM_ClearFlag
    timer.o(i.TIM4_Init) refers to stm32f4xx_tim.o(i.TIM_ITConfig) for TIM_ITConfig
    timer.o(i.TIM4_Init) refers to stm32f4xx_tim.o(i.TIM_SetCounter) for TIM_SetCounter
    timer.o(i.TIM4_Init) refers to stm32f4xx_tim.o(i.TIM_Cmd) for TIM_Cmd
    timer.o(i.TIM8_TRG_COM_TIM14_IRQHandler) refers to stm32f4xx_tim.o(i.TIM_GetITStatus) for TIM_GetITStatus
    timer.o(i.TIM8_TRG_COM_TIM14_IRQHandler) refers to handle.o(i.Data_Handle) for Data_Handle
    timer.o(i.TIM8_TRG_COM_TIM14_IRQHandler) refers to handle.o(i.Data_Send_To_Master) for Data_Send_To_Master
    timer.o(i.TIM8_TRG_COM_TIM14_IRQHandler) refers to stm32f4xx_tim.o(i.TIM_ClearITPendingBit) for TIM_ClearITPendingBit
    timer.o(i.TIMER_Init) refers to timer.o(i.TIM3_Init) for TIM3_Init
    timer.o(i.TIMER_Init) refers to timer.o(i.TIM4_Init) for TIM4_Init
    timer.o(i.TIMER_Init) refers to timer.o(i.TIM14_Init) for TIM14_Init
    usart1.o(i.USART1_IRQHandler) refers to stm32f4xx_usart.o(i.USART_GetITStatus) for USART_GetITStatus
[...]
    ../clib/signal.c                         0x00000000   Number         0  defsig_rtmem_inner.o ABSOLUTE
    ../clib/signal.c                         0x00000000   Number         0  defsig_exit.o ABSOLUTE
    ../clib/signal.c                         0x00000000   Number         0  defsig_rtmem_formal.o ABSOLUTE
    ../clib/signal.c                         0x00000000   Number         0  defsig_other.o ABSOLUTE
    ../clib/signal.c                         0x00000000   Number         0  defsig_cppl_inner.o ABSOLUTE
    ../clib/signal.c                         0x00000000   Number         0  defsig_pvfn_inner.o ABSOLUTE
    ../clib/signal.c                         0x00000000   Number         0  defsig_stak_inner.o ABSOLUTE
    ../clib/signal.c                         0x00000000   Number         0  defsig_abrt_inner.o ABSOLUTE
    ../clib/signal.c                         0x00000000   Number         0  defsig_segv_inner.o ABSOLUTE
    ../clib/signal.s                         0x00000000   Number         0  defsig.o ABSOLUTE
    ../clib/stdlib.c                         0x00000000   Number         0  exit.o ABSOLUTE
    ../fplib/basic.s                         0x00000000   Number         0  basic.o ABSOLUTE
    ../fplib/d2f.s                           0x00000000   Number         0  d2f.o ABSOLUTE
    ../fplib/daddsub.s                       0x00000000   Number         0  daddsub_clz.o ABSOLUTE
    ../fplib/dcheck1.s                       0x00000000   Number         0  dcheck1.o ABSOLUTE
    ../fplib/dcmpi.s                         0x00000000   Number         0  dcmpi.o ABSOLUTE
    ../fplib/ddiv.s                          0x00000000   Number         0  ddiv.o ABSOLUTE
    ../fplib/deqf.s                          0x00000000   Number         0  deqf.o ABSOLUTE
    ../fplib/dfix.s                          0x00000000   Number         0  dfix.o ABSOLUTE
    ../fplib/dflt.s                          0x00000000   Number         0  dflt_clz.o ABSOLUTE
    ../fplib/dleqf.s                         0x00000000   Number         0  dleqf.o ABSOLUTE
    ../fplib/dmul.s                          0x00000000   Number         0  dmul.o ABSOLUTE
    ../fplib/dnaninf.s                       0x00000000   Number         0  dnaninf.o ABSOLUTE
    ../fplib/dretinf.s                       0x00000000   Number         0  dretinf.o ABSOLUTE
    ../fplib/drleqf.s                        0x00000000   Number         0  drleqf.o ABSOLUTE
    ../fplib/dsqrt.s                         0x00000000   Number         0  dsqrt_umaal.o ABSOLUTE
    ../fplib/f2d.s                           0x00000000   Number         0  f2d.o ABSOLUTE
    ../fplib/fnaninf.s                       0x00000000   Number         0  fnaninf.o ABSOLUTE
    ../fplib/fpinit.s                        0x00000000   Number         0  fpinit.o ABSOLUTE
    ../fplib/fretinf.s                       0x00000000   Number         0  fretinf.o ABSOLUTE
    ../fplib/retnan.s                        0x00000000   Number         0  retnan.o ABSOLUTE
    ../fplib/scalbn.s                        0x00000000   Number         0  scalbn.o ABSOLUTE
    ../fplib/trapv.s                         0x00000000   Number         0  trapv.o ABSOLUTE
    ../fplib/usenofp.s                       0x00000000   Number         0  usenofp.o ABSOLUTE
    ../mathlib/cos.c                         0x00000000   Number         0  cos_x.o ABSOLUTE
    ../mathlib/cos.c                         0x00000000   Number         0  cos.o ABSOLUTE
    ../mathlib/cos_i.c                       0x00000000   Number         0  cos_i.o ABSOLUTE
    ../mathlib/dunder.c                      0x00000000   Number         0  dunder.o ABSOLUTE
    ../mathlib/fabs.c                        0x00000000   Number         0  fabs.o ABSOLUTE
    ../mathlib/fpclassify.c                  0x00000000   Number         0  fpclassify.o ABSOLUTE
    ../mathlib/poly.c                        0x00000000   Number         0  poly.o ABSOLUTE
    ../mathlib/pow.c                         0x00000000   Number         0  pow_x.o ABSOLUTE
    ../mathlib/pow.c                         0x00000000   Number         0  pow.o ABSOLUTE
    ../mathlib/qnan.c                        0x00000000   Number         0  qnan.o ABSOLUTE
    ../mathlib/rred.c                        0x00000000   Number         0  rred.o ABSOLUTE
    ../mathlib/sin.c                         0x00000000   Number         0  sin.o ABSOLUTE
    ../mathlib/sin.c                         0x00000000   Number         0  sin_x.o ABSOLUTE
    ../mathlib/sin_i.c                       0x00000000   Number         0  sin_i_x.o ABSOLUTE
    ../mathlib/sin_i.c                       0x00000000   Number         0  sin_i.o ABSOLUTE
    ../mathlib/sqrt.c                        0x00000000   Number         0  sqrt.o ABSOLUTE
    ../mathlib/sqrt.c                        0x00000000   Number         0  sqrt_x.o ABSOLUTE
    ..\CORE\startup_stm32f40_41xxx.s         0x00000000   Number         0  startup_stm32f40_41xxx.o ABSOLUTE
    ..\FWLIB\src\misc.c                      0x00000000   Number         0  misc.o ABSOLUTE
    ..\FWLIB\src\stm32f4xx_can.c             0x00000000   Number         0  stm32f4xx_can.o ABSOLUTE
    ..\FWLIB\src\stm32f4xx_dbgmcu.c          0x00000000   Number         0  stm32f4xx_dbgmcu.o ABSOLUTE
    ..\FWLIB\src\stm32f4xx_dma.c             0x00000000   Number         0  stm32f4xx_dma.o ABSOLUTE
    ..\FWLIB\src\stm32f4xx_dma2d.c           0x00000000   Number         0  stm32f4xx_dma2d.o ABSOLUTE
    ..\FWLIB\src\stm32f4xx_exti.c            0x00000000   Number         0  stm32f4xx_exti.o ABSOLUTE
    ..\FWLIB\src\stm32f4xx_fsmc.c            0x00000000   Number         0  stm32f4xx_fsmc.o ABSOLUTE
    ..\FWLIB\src\stm32f4xx_gpio.c            0x00000000   Number         0  stm32f4xx_gpio.o ABSOLUTE
    ..\FWLIB\src\stm32f4xx_i2c.c             0x00000000   Number         0  stm32f4xx_i2c.o ABSOLUTE
    ..\FWLIB\src\stm32f4xx_iwdg.c            0x00000000   Number         0  stm32f4xx_iwdg.o ABSOLUTE
    ..\FWLIB\src\stm32f4xx_rcc.c             0x00000000   Number         0  stm32f4xx_rcc.o ABSOLUTE
    ..\FWLIB\src\stm32f4xx_rtc.c             0x00000000   Number         0  stm32f4xx_rtc.o ABSOLUTE
    ..\FWLIB\src\stm32f4xx_sdio.c            0x00000000   Number         0  stm32f4xx_sdio.o ABSOLUTE
    ..\FWLIB\src\stm32f4xx_spi.c             0x00000000   Number         0  stm32f4xx_spi.o ABSOLUTE
    ..\FWLIB\src\stm32f4xx_tim.c             0x00000000   Number         0  stm32f4xx_tim.o ABSOLUTE
    ..\FWLIB\src\stm32f4xx_usart.c           0x00000000   Number         0  stm32f4xx_usart.o ABSOLUTE
    ..\FWLIB\src\stm32f4xx_wwdg.c            0x00000000   Number         0  stm32f4xx_wwdg.o ABSOLUTE
    ..\HANDLE\handle.c                       0x00000000   Number         0  handle.o ABSOLUTE
    ..\IMU1500\imu1500.c                     0x00000000   Number         0  imu1500.o ABSOLUTE
    ..\INIT\LED\led.c                        0x00000000   Number         0  led.o ABSOLUTE
    ..\INIT\NVIC\nvic.c                      0x00000000   Number         0  nvic.o ABSOLUTE
    ..\INIT\TIMER\timer.c                    0x00000000   Number         0  timer.o ABSOLUTE
    ..\INIT\UART4\uart4.c                    0x00000000   Number         0  uart4.o ABSOLUTE
    ..\INIT\USART1\usart1.c                  0x00000000   Number         0  usart1.o ABSOLUTE
    ..\INIT\USART2\usart2.c                  0x00000000   Number         0  usart2.o ABSOLUTE
    ..\SYSTEM\delay\delay.c                  0x00000000   Number         0  delay.o ABSOLUTE
    ..\SYSTEM\sys\sys.c                      0x00000000   Number         0  sys.o ABSOLUTE
    ..\TF\transform.c                        0x00000000   Number         0  transform.o ABSOLUTE
    ..\\FWLIB\\src\\misc.c                   0x00000000   Number         0  misc.o ABSOLUTE
    ..\\FWLIB\\src\\stm32f4xx_can.c          0x00000000   Number         0  stm32f4xx_can.o ABSOLUTE
    ..\\FWLIB\\src\\stm32f4xx_dbgmcu.c       0x00000000   Number         0  stm32f4xx_dbgmcu.o ABSOLUTE
    ..\\FWLIB\\src\\stm32f4xx_dma.c          0x00000000   Number         0  stm32f4xx_dma.o ABSOLUTE
    ..\\FWLIB\\src\\stm32f4xx_dma2d.c        0x00000000   Number         0  stm32f4xx_dma2d.o ABSOLUTE
    ..\\FWLIB\\src\\stm32f4xx_exti.c         0x00000000   Number         0  stm32f4xx_exti.o ABSOLUTE
    ..\\FWLIB\\src\\stm32f4xx_fsmc.c         0x00000000   Number         0  stm32f4xx_fsmc.o ABSOLUTE
    ..\\FWLIB\\src\\stm32f4xx_gpio.c         0x00000000   Number         0  stm32f4xx_gpio.o ABSOLUTE
    ..\\FWLIB\\src\\stm32f4xx_i2c.c          0x00000000   Number         0  stm32f4xx_i2c.o ABSOLUTE
    ..\\FWLIB\\src\\stm32f4xx_iwdg.c         0x00000000   Number         0  stm32f4xx_iwdg.o ABSOLUTE
    ..\\FWLIB\\src\\stm32f4xx_rcc.c          0x00000000   Number         0  stm32f4xx_rcc.o ABSOLUTE
    ..\\FWLIB\\src\\stm32f4xx_rtc.c          0x00000000   Number         0  stm32f4xx_rtc.o ABSOLUTE
    ..\\FWLIB\\src\\stm32f4xx_sdio.c         0x00000000   Number         0  stm32f4xx_sdio.o ABSOLUTE
    ..\\FWLIB\\src\\stm32f4xx_spi.c          0x00000000   Number         0  stm32f4xx_spi.o ABSOLUTE
    ..\\FWLIB\\src\\stm32f4xx_tim.c          0x00000000   Number         0  stm32f4xx_tim.o ABSOLUTE
    ..\\FWLIB\\src\\stm32f4xx_usart.c        0x00000000   Number         0  stm32f4xx_usart.o ABSOLUTE
    ..\\FWLIB\\src\\stm32f4xx_wwdg.c         0x00000000   Number         0  stm32f4xx_wwdg.o ABSOLUTE
    ..\\HANDLE\\handle.c                     0x00000000   Number         0  handle.o ABSOLUTE
    ..\\IMU1500\\imu1500.c                   0x00000000   Number         0  imu1500.o ABSOLUTE
    ..\\INIT\\LED\\led.c                     0x00000000   Number         0  led.o ABSOLUTE
    ..\\INIT\\NVIC\\nvic.c                   0x00000000   Number         0  nvic.o ABSOLUTE
    ..\\INIT\\TIMER\\timer.c                 0x00000000   Number         0  timer.o ABSOLUTE
    ..\\INIT\\UART4\\uart4.c                 0x00000000   Number         0  uart4.o ABSOLUTE
    ..\\INIT\\USART1\\usart1.c               0x00000000   Number         0  usart1.o ABSOLUTE
    ..\\INIT\\USART2\\usart2.c               0x00000000   Number         0  usart2.o ABSOLUTE
    ..\\SYSTEM\\delay\\delay.c               0x00000000   Number         0  delay.o ABSOLUTE
    ..\\SYSTEM\\sys\\sys.c                   0x00000000   Number         0  sys.o ABSOLUTE
    ..\\TF\\transform.c                      0x00000000   Number         0  transform.o ABSOLUTE
    dc.s                                     0x00000000   Number         0  dc.o ABSOLUTE
    main.c                                   0x00000000   Number         0  main.o ABSOLUTE
    main.c                                   0x00000000   Number         0  main.o ABSOLUTE
    stm32f4xx_it.c                           0x00000000   Number         0  stm32f4xx_it.o ABSOLUTE
    stm32f4xx_it.c                           0x00000000   Number         0  stm32f4xx_it.o ABSOLUTE
    system_stm32f4xx.c                       0x00000000   Number         0  system_stm32f4xx.o ABSOLUTE
    system_stm32f4xx.c                       0x00000000   Number         0  system_stm32f4xx.o ABSOLUTE
    RESET                                    0x08000000   Section      392  startup_stm32f40_41xxx.o(RESET)
    !!!main                                  0x08000188   Section        8  __main.o(!!!main)
    !!!scatter                               0x08000190   Section       52  __scatter.o(!!!scatter)
    !!handler_copy                           0x080001c4   Section       26  __scatter_copy.o(!!handler_copy)
    !!handler_zi                             0x080001e0   Section       28  __scatter_zi.o(!!handler_zi)
    .ARM.Collect$$libinit$$00000000          0x080001fc   Section        2  libinit.o(.ARM.Collect$$libinit$$00000000)
    .ARM.Collect$$libinit$$00000001          0x080001fe   Section        4  libinit2.o(.ARM.Collect$$libinit$$00000001)
    .ARM.Collect$$libinit$$00000004          0x08000202   Section        0  libinit2.o(.ARM.Collect$$libinit$$00000004)
    .ARM.Collect$$libinit$$0000000A          0x08000202   Section        0  libinit2.o(.ARM.Collect$$libinit$$0000000A)
    .ARM.Collect$$libinit$$0000000C          0x08000202   Section        0  libinit2.o(.ARM.Collect$$libinit$$0000000C)
    .ARM.Collect$$libinit$$0000000E          0x08000202   Section        0  libinit2.o(.ARM.Collect$$libinit$$0000000E)
    .ARM.Collect$$libinit$$00000011          0x08000202   Section        0  libinit2.o(.ARM.Collect$$libinit$$00000011)
    .ARM.Collect$$libinit$$00000013          0x08000202   Section        0  libinit2.o(.ARM.Collect$$libinit$$00000013)
    .ARM.Collect$$libinit$$00000015          0x08000202   Section        0  libinit2.o(.ARM.Collect$$libinit$$00000015)
    .ARM.Collect$$libinit$$00000017          0x08000202   Section        0  libinit2.o(.ARM.Collect$$libinit$$00000017)
    .ARM.Collect$$libinit$$00000019          0x08000202   Section        0  libinit2.o(.ARM.Collect$$libinit$$00000019)
    .ARM.Collect$$libinit$$0000001B          0x08000202   Section        0  libinit2.o(.ARM.Collect$$libinit$$0000001B)
    .ARM.Collect$$libinit$$0000001D          0x08000202   Section        0  libinit2.o(.ARM.Collect$$libinit$$0000001D)
    .ARM.Collect$$libinit$$0000001F          0x08000202   Section        0  libinit2.o(.ARM.Collect$$libinit$$0000001F)
    .ARM.Collect$$libinit$$00000021          0x08000202   Section        0  libinit2.o(.ARM.Collect$$libinit$$00000021)
    .ARM.Collect$$libinit$$00000023          0x08000202   Section        0  libinit2.o(.ARM.Collect$$libinit$$00000023)
    .ARM.Collect$$libinit$$00000025          0x08000202   Section        0  libinit2.o(.ARM.Collect$$libinit$$00000025)
    .ARM.Collect$$libinit$$0000002C          0x08000202   Section        0  libinit2.o(.ARM.Collect$$libinit$$0000002C)
    .ARM.Collect$$libinit$$0000002E          0x08000202   Section        0  libinit2.o(.ARM.Collect$$libinit$$0000002E)
    .ARM.Collect$$libinit$$00000030          0x08000202   Section        0  libinit2.o(.ARM.Collect$$libinit$$00000030)
    .ARM.Collect$$libinit$$00000032          0x08000202   Section        0  libinit2.o(.ARM.Collect$$libinit$$00000032)
    .ARM.Collect$$libinit$$00000033          0x08000202   Section        2  libinit2.o(.ARM.Collect$$libinit$$00000033)
    .ARM.Collect$$libshutdown$$00000000      0x08000204   Section        2  libshutdown.o(.ARM.Collect$$libshutdown$$00000000)
    .ARM.Collect$$libshutdown$$00000003      0x08000206   Section        0  libshutdown2.o(.ARM.Collect$$libshutdown$$00000003)
    .ARM.Collect$$libshutdown$$00000006      0x08000206   Section        0  libshutdown2.o(.ARM.Collect$$libshutdown$$00000006)
    .ARM.Collect$$libshutdown$$00000009      0x08000206   Section        0  libshutdown2.o(.ARM.Collect$$libshutdown$$00000009)
    .ARM.Collect$$libshutdown$$0000000B      0x08000206   Section        0  libshutdown2.o(.ARM.Collect$$libshutdown$$0000000B)
    .ARM.Collect$$libshutdown$$0000000E      0x08000206   Section        0  libshutdown2.o(.ARM.Collect$$libshutdown$$0000000E)
    .ARM.Collect$$libshutdown$$0000000F      0x08000206   Section        2  libshutdown2.o(.ARM.Collect$$libshutdown$$0000000F)
    .ARM.Collect$$rtentry$$00000000          0x08000208   Section        0  __rtentry.o(.ARM.Collect$$rtentry$$00000000)
    .ARM.Collect$$rtentry$$00000002          0x08000208   Section        0  __rtentry2.o(.ARM.Collect$$rtentry$$00000002)
    .ARM.Collect$$rtentry$$00000004          0x08000208   Section        6  __rtentry4.o(.ARM.Collect$$rtentry$$00000004)
    .ARM.Collect$$rtentry$$00000009          0x0800020e   Section        0  __rtentry2.o(.ARM.Collect$$rtentry$$00000009)
    .ARM.Collect$$rtentry$$0000000A          0x0800020e   Section        4  __rtentry2.o(.ARM.Collect$$rtentry$$0000000A)
    .ARM.Collect$$rtentry$$0000000C          0x08000212   Section        0  __rtentry2.o(.ARM.Collect$$rtentry$$0000000C)
    .ARM.Collect$$rtentry$$0000000D          0x08000212   Section        8  __rtentry2.o(.ARM.Collect$$rtentry$$0000000D)
    .ARM.Collect$$rtexit$$00000000           0x0800021a   Section        2  rtexit.o(.ARM.Collect$$rtexit$$00000000)
    .ARM.Collect$$rtexit$$00000002           0x0800021c   Section        0  rtexit2.o(.ARM.Collect$$rtexit$$00000002)
    .ARM.Collect$$rtexit$$00000003           0x0800021c   Section        4  rtexit2.o(.ARM.Collect$$rtexit$$00000003)
    .ARM.Collect$$rtexit$$00000004           0x08000220   Section        6  rtexit2.o(.ARM.Collect$$rtexit$$00000004)
    .text                                    0x08000228   Section       64  startup_stm32f40_41xxx.o(.text)
    $v0                                      0x08000228   Number         0  startup_stm32f40_41xxx.o(.text)
    .text                                    0x08000268   Section        0  heapauxi.o(.text)
    .text                                    0x0800026e   Section        0  _rserrno.o(.text)
    .text                                    0x08000284   Section        8  rt_errno_addr_intlibspace.o(.text)
    .text                                    0x0800028c   Section        8  libspace.o(.text)
    .text                                    0x08000294   Section       74  sys_stackheap_outer.o(.text)
    .text                                    0x080002de   Section        0  exit.o(.text)
    .text                                    0x080002ec   Section        0  sys_exit.o(.text)
    .text                                    0x080002f8   Section        2  use_no_semi.o(.text)
    .text                                    0x080002fa   Section        0  indicate_semi.o(.text)
    i.Angle_Get                              0x080002fc   Section        0  handle.o(i.Angle_Get)
    i.BASE_Init                              0x08000428   Section        0  main.o(i.BASE_Init)
    i.BusFault_Handler                       0x0800044a   Section        0  stm32f4xx_it.o(i.BusFault_Handler)
    i.Data_Handle                            0x0800044e   Section        0  handle.o(i.Data_Handle)
    i.Data_Send_To_Master                    0x0800046c   Section        0  handle.o(i.Data_Send_To_Master)
    i.DebugMon_Handler                       0x080004e4   Section        0  stm32f4xx_it.o(i.DebugMon_Handler)
    i.Encoder1_get                           0x080004e8   Section        0  handle.o(i.Encoder1_get)
    i.Encoder2_get                           0x0800055c   Section        0  handle.o(i.Encoder2_get)
    i.GPIO_Init                              0x080005d0   Section        0  stm32f4xx_gpio.o(i.GPIO_Init)
    i.GPIO_PinAFConfig                       0x08000660   Section        0  stm32f4xx_gpio.o(i.GPIO_PinAFConfig)
    i.GPIO_ResetBits                         0x080006a6   Section        0  stm32f4xx_gpio.o(i.GPIO_ResetBits)
    i.G_Robot_Get                            0x080006ac   Section        0  handle.o(i.G_Robot_Get)
    i.HardFault_Handler                      0x080006e0   Section        0  stm32f4xx_it.o(i.HardFault_Handler)
    i.LED_Init                               0x08000700   Section        0  led.o(i.LED_Init)
    i.MemManage_Handler                      0x0800079c   Section        0  stm32f4xx_it.o(i.MemManage_Handler)
    i.NMI_Handler                            0x080007a0   Section        0  stm32f4xx_it.o(i.NMI_Handler)
    i.NVIC_Configuration                     0x080007a2   Section        0  nvic.o(i.NVIC_Configuration)
    i.NVIC_Init                              0x080007b0   Section        0  misc.o(i.NVIC_Init)
    i.NVIC_PriorityGroupConfig               0x08000828   Section        0  misc.o(i.NVIC_PriorityGroupConfig)
    i.PendSV_Handler                         0x0800083c   Section        0  stm32f4xx_it.o(i.PendSV_Handler)
    i.RCC_AHB1PeriphClockCmd                 0x08000840   Section        0  stm32f4xx_rcc.o(i.RCC_AHB1PeriphClockCmd)
    i.RCC_APB1PeriphClockCmd                 0x08000860   Section        0  stm32f4xx_rcc.o(i.RCC_APB1PeriphClockCmd)
    i.RCC_APB2PeriphClockCmd                 0x08000880   Section        0  stm32f4xx_rcc.o(i.RCC_APB2PeriphClockCmd)
    i.RCC_GetClocksFreq                      0x080008a0   Section        0  stm32f4xx_rcc.o(i.RCC_GetClocksFreq)
    i.R_Robot_Get                            0x08000988   Section        0  handle.o(i.R_Robot_Get)
    i.SVC_Handler                            0x08000b2c   Section        0  stm32f4xx_it.o(i.SVC_Handler)
    i.SetSysClock                            0x08000b30   Section        0  system_stm32f4xx.o(i.SetSysClock)
    SetSysClock                              0x08000b31   Thumb Code   220  system_stm32f4xx.o(i.SetSysClock)
    i.SysTick_CLKSourceConfig                0x08000c1c   Section        0  misc.o(i.SysTick_CLKSourceConfig)
    i.SysTick_Handler                        0x08000c44   Section        0  stm32f4xx_it.o(i.SysTick_Handler)
    i.SystemInit                             0x08000c48   Section        0  system_stm32f4xx.o(i.SystemInit)
    i.TF_Robot_to_Global                     0x08000cb0   Section        0  handle.o(i.TF_Robot_to_Global)
    i.TI1_Config                             0x08000e7c   Section        0  stm32f4xx_tim.o(i.TI1_Config)
    TI1_Config                               0x08000e7d   Thumb Code    58  stm32f4xx_tim.o(i.TI1_Config)
    i.TI2_Config                             0x08000eb6   Section        0  stm32f4xx_tim.o(i.TI2_Config)
    TI2_Config                               0x08000eb7   Thumb Code    80  stm32f4xx_tim.o(i.TI2_Config)
    i.TI3_Config                             0x08000f06   Section        0  stm32f4xx_tim.o(i.TI3_Config)
    TI3_Config                               0x08000f07   Thumb Code    72  stm32f4xx_tim.o(i.TI3_Config)
    i.TI4_Config                             0x08000f4e   Section        0  stm32f4xx_tim.o(i.TI4_Config)
    TI4_Config                               0x08000f4f   Thumb Code    80  stm32f4xx_tim.o(i.TI4_Config)
    i.TIM14_Init                             0x08000fa0   Section        0  timer.o(i.TIM14_Init)
    i.TIM3_Init                              0x08000ffc   Section        0  timer.o(i.TIM3_Init)
    i.TIM4_Init                              0x080010e0   Section        0  timer.o(i.TIM4_Init)
    i.TIM8_TRG_COM_TIM14_IRQHandler          0x080011c4   Section        0  timer.o(i.TIM8_TRG_COM_TIM14_IRQHandler)
    i.TIMER_Init                             0x080011e8   Section        0  timer.o(i.TIMER_Init)
    i.TIM_ClearFlag                          0x080011fe   Section        0  stm32f4xx_tim.o(i.TIM_ClearFlag)
    i.TIM_ClearITPendingBit                  0x08001204   Section        0  stm32f4xx_tim.o(i.TIM_ClearITPendingBit)
    i.TIM_Cmd                                0x0800120a   Section        0  stm32f4xx_tim.o(i.TIM_Cmd)
    i.TIM_EncoderInterfaceConfig             0x08001222   Section        0  stm32f4xx_tim.o(i.TIM_EncoderInterfaceConfig)
    i.TIM_GetITStatus                        0x08001264   Section        0  stm32f4xx_tim.o(i.TIM_GetITStatus)
    i.TIM_ICInit                             0x08001286   Section        0  stm32f4xx_tim.o(i.TIM_ICInit)
    i.TIM_ITConfig                           0x080012f4   Section        0  stm32f4xx_tim.o(i.TIM_ITConfig)
    i.TIM_SetCounter                         0x08001306   Section        0  stm32f4xx_tim.o(i.TIM_SetCounter)
    i.TIM_SetIC1Prescaler                    0x0800130a   Section        0  stm32f4xx_tim.o(i.TIM_SetIC1Prescaler)
    i.TIM_SetIC2Prescaler                    0x0800131c   Section        0  stm32f4xx_tim.o(i.TIM_SetIC2Prescaler)
    i.TIM_SetIC3Prescaler                    0x08001336   Section        0  stm32f4xx_tim.o(i.TIM_SetIC3Prescaler)
    i.TIM_SetIC4Prescaler                    0x08001348   Section        0  stm32f4xx_tim.o(i.TIM_SetIC4Prescaler)
    i.TIM_TimeBaseInit                       0x08001364   Section        0  stm32f4xx_tim.o(i.TIM_TimeBaseInit)
    i.UART4_IRQHandler                       0x080013e8   Section        0  uart4.o(i.UART4_IRQHandler)
    i.UART4_Init                             0x08001504   Section        0  uart4.o(i.UART4_Init)
    i.UART4_SendChar                         0x080015b8   Section        0  uart4.o(i.UART4_SendChar)
    i.USART1_IRQHandler                      0x080015d8   Section        0  usart1.o(i.USART1_IRQHandler)
    i.USART1_Init                            0x08001870   Section        0  usart1.o(i.USART1_Init)
    i.USART2_Init                            0x08001934   Section        0  usart2.o(i.USART2_Init)
    i.USART2_SendChar                        0x080019ec   Section        0  usart2.o(i.USART2_SendChar)
    i.USART_ClearFlag                        0x08001a0c   Section        0  stm32f4xx_usart.o(i.USART_ClearFlag)
    i.USART_ClearITPendingBit                0x08001a1e   Section        0  stm32f4xx_usart.o(i.USART_ClearITPendingBit)
    i.USART_Cmd                              0x08001a3c   Section        0  stm32f4xx_usart.o(i.USART_Cmd)
    i.USART_GetFlagStatus                    0x08001a54   Section        0  stm32f4xx_usart.o(i.USART_GetFlagStatus)
    i.USART_GetITStatus                      0x08001a6e   Section        0  stm32f4xx_usart.o(i.USART_GetITStatus)
    i.USART_ITConfig                         0x08001ac2   Section        0  stm32f4xx_usart.o(i.USART_ITConfig)
    i.USART_Init                             0x08001b0c   Section        0  stm32f4xx_usart.o(i.USART_Init)
    i.USART_ReceiveData                      0x08001be0   Section        0  stm32f4xx_usart.o(i.USART_ReceiveData)
    i.USART_SendData                         0x08001bea   Section        0  stm32f4xx_usart.o(i.USART_SendData)
    i.UsageFault_Handler                     0x08001bf2   Section        0  stm32f4xx_it.o(i.UsageFault_Handler)
    i.__ARM_fpclassify                       0x08001bf6   Section        0  fpclassify.o(i.__ARM_fpclassify)
    i.__hardfp_cos                           0x08001c28   Section        0  cos.o(i.__hardfp_cos)
    i.__hardfp_fabs                          0x08001cf0   Section        0  fabs.o(i.__hardfp_fabs)
    i.__hardfp_sin                           0x08001d08   Section        0  sin.o(i.__hardfp_sin)
    i.__ieee754_rem_pio2                     0x08001dd0   Section        0  rred.o(i.__ieee754_rem_pio2)
    i.__kernel_cos                           0x08002208   Section        0  cos_i.o(i.__kernel_cos)
    i.__kernel_poly                          0x08002378   Section        0  poly.o(i.__kernel_poly)
    i.__kernel_sin                           0x08002470   Section        0  sin_i.o(i.__kernel_sin)
    i.__mathlib_dbl_infnan                   0x080025a0   Section        0  dunder.o(i.__mathlib_dbl_infnan)
    i.__mathlib_dbl_invalid                  0x080025b8   Section        0  dunder.o(i.__mathlib_dbl_invalid)
    i.__mathlib_dbl_underflow                0x080025d8   Section        0  dunder.o(i.__mathlib_dbl_underflow)
    i.clean_imudate                          0x080025f8   Section        0  uart4.o(i.clean_imudate)
    i.delay_init                             0x0800263c   Section        0  delay.o(i.delay_init)
    i.delay_ms                               0x08002688   Section        0  delay.o(i.delay_ms)
    i.delay_us                               0x080026c0   Section        0  delay.o(i.delay_us)
    i.delay_xms                              0x0800270c   Section        0  delay.o(i.delay_xms)
    i.fabs                                   0x08002758   Section        0  fabs.o(i.fabs)
    i.get_imudata                            0x08002770   Section        0  uart4.o(i.get_imudata)
    i.main                                   0x08002838   Section        0  main.o(i.main)
    x$fpl$basic                              0x08002840   Section       24  basic.o(x$fpl$basic)
    $v0                                      0x08002840   Number         0  basic.o(x$fpl$basic)
    x$fpl$d2f                                0x08002858   Section       98  d2f.o(x$fpl$d2f)
    $v0                                      0x08002858   Number         0  d2f.o(x$fpl$d2f)
    x$fpl$dadd                               0x080028bc   Section      336  daddsub_clz.o(x$fpl$dadd)
    $v0                                      0x080028bc   Number         0  daddsub_clz.o(x$fpl$dadd)
    _dadd1                                   0x080028cd   Thumb Code     0  daddsub_clz.o(x$fpl$dadd)
    x$fpl$dcmpinf                            0x08002a0c   Section       24  dcmpi.o(x$fpl$dcmpinf)
    $v0                                      0x08002a0c   Number         0  dcmpi.o(x$fpl$dcmpinf)
    x$fpl$ddiv                               0x08002a24   Section      688  ddiv.o(x$fpl$ddiv)
    $v0                                      0x08002a24   Number         0  ddiv.o(x$fpl$ddiv)
    ddiv_entry                               0x08002a2b   Thumb Code     0  ddiv.o(x$fpl$ddiv)
    x$fpl$deqf                               0x08002cd4   Section      120  deqf.o(x$fpl$deqf)
    $v0                                      0x08002cd4   Number         0  deqf.o(x$fpl$deqf)
    x$fpl$dfix                               0x08002d4c   Section       94  dfix.o(x$fpl$dfix)
    $v0                                      0x08002d4c   Number         0  dfix.o(x$fpl$dfix)
    x$fpl$dflt                               0x08002daa   Section       46  dflt_clz.o(x$fpl$dflt)
    $v0                                      0x08002daa   Number         0  dflt_clz.o(x$fpl$dflt)
    x$fpl$dfltu                              0x08002dd8   Section       38  dflt_clz.o(x$fpl$dfltu)
    $v0                                      0x08002dd8   Number         0  dflt_clz.o(x$fpl$dfltu)
    x$fpl$dleqf                              0x08002e00   Section      120  dleqf.o(x$fpl$dleqf)
    $v0                                      0x08002e00   Number         0  dleqf.o(x$fpl$dleqf)
    x$fpl$dmul                               0x08002e78   Section      340  dmul.o(x$fpl$dmul)
    $v0                                      0x08002e78   Number         0  dmul.o(x$fpl$dmul)
    x$fpl$dnaninf                            0x08002fcc   Section      156  dnaninf.o(x$fpl$dnaninf)
    $v0                                      0x08002fcc   Number         0  dnaninf.o(x$fpl$dnaninf)
    x$fpl$dretinf                            0x08003068   Section       12  dretinf.o(x$fpl$dretinf)
    $v0                                      0x08003068   Number         0  dretinf.o(x$fpl$dretinf)
    x$fpl$drleqf                             0x08003074   Section      108  drleqf.o(x$fpl$drleqf)
    $v0                                      0x08003074   Number         0  drleqf.o(x$fpl$drleqf)
    x$fpl$drsb                               0x080030e0   Section       22  daddsub_clz.o(x$fpl$drsb)
    $v0                                      0x080030e0   Number         0  daddsub_clz.o(x$fpl$drsb)
    x$fpl$dsub                               0x080030f8   Section      468  daddsub_clz.o(x$fpl$dsub)
    $v0                                      0x080030f8   Number         0  daddsub_clz.o(x$fpl$dsub)
    _dsub1                                   0x08003109   Thumb Code     0  daddsub_clz.o(x$fpl$dsub)
    x$fpl$f2d                                0x080032cc   Section       86  f2d.o(x$fpl$f2d)
    $v0                                      0x080032cc   Number         0  f2d.o(x$fpl$f2d)
    x$fpl$fnaninf                            0x08003322   Section      140  fnaninf.o(x$fpl$fnaninf)
    $v0                                      0x08003322   Number         0  fnaninf.o(x$fpl$fnaninf)
    x$fpl$fpinit                             0x080033ae   Section       10  fpinit.o(x$fpl$fpinit)
    $v0                                      0x080033ae   Number         0  fpinit.o(x$fpl$fpinit)
    x$fpl$fretinf                            0x080033b8   Section       10  fretinf.o(x$fpl$fretinf)
    $v0                                      0x080033b8   Number         0  fretinf.o(x$fpl$fretinf)
    x$fpl$usenofp                            0x080033c2   Section        0  usenofp.o(x$fpl$usenofp)
    .constdata                               0x080033c8   Section       48  cos_i.o(.constdata)
    C                                        0x080033c8   Data          48  cos_i.o(.constdata)
    .constdata                               0x080033f8   Section      200  rred.o(.constdata)
    pio2s                                    0x080033f8   Data          48  rred.o(.constdata)
    twooverpi                                0x08003428   Data         152  rred.o(.constdata)
    .constdata                               0x080034c0   Section       40  sin_i.o(.constdata)
    S                                        0x080034c0   Data          40  sin_i.o(.constdata)
    .data                                    0x20000000   Section        4  delay.o(.data)
    fac_ns                                   0x20000000   Data           1  delay.o(.data)
    fac_us                                   0x20000001   Data           1  delay.o(.data)
    fac_ms                                   0x20000002   Data           2  delay.o(.data)
    .data                                    0x20000004   Section       27  usart1.o(.data)
    .data                                    0x20000020   Section       12  uart4.o(.data)
    .data                                    0x2000002c   Section       16  stm32f4xx_rcc.o(.data)
    APBAHBPrescTable                         0x2000002c   Data          16  stm32f4xx_rcc.o(.data)
    .data                                    0x2000003c   Section       20  handle.o(.data)
    .bss                                     0x20000050   Section      568  main.o(.bss)
    .bss                                     0x20000288   Section      100  usart1.o(.bss)
    .bss                                     0x200002ec   Section       30  uart4.o(.bss)
    .bss                                     0x2000030a   Section       30  handle.o(.bss)
    .bss                                     0x20000328   Section       96  libspace.o(.bss)
    HEAP                                     0x20000388   Section      512  startup_stm32f40_41xxx.o(HEAP)
    Heap_Mem                                 0x20000388   Data         512  startup_stm32f40_41xxx.o(HEAP)
    STACK                                    0x20000588   Section     1024  startup_stm32f40_41xxx.o(STACK)
    Stack_Mem                                0x20000588   Data        1024  startup_stm32f40_41xxx.o(STACK)
    __initial_sp                             0x20000988   Data           0  startup_stm32f40_41xxx.o(STACK)

    Global Symbols

    Symbol Name                              Value     Ov Type        Size  Object(Section)

    BuildAttributes$$THM_ISAv4$E$P$D$K$B$S$7EM$VFPi3$EXTD16$VFPS$VFMA$PE$A:L22UL41UL21$X:L11$S22US41US21$IEEE1$IW$USESV6$~STKCKD$USESV7$~SHL$OTIME$ROPI$IEEEX$EBA8$UX$STANDARDLIB$REQ8$PRES8$EABIv2 0x00000000   Number         0  anon$$obj.o ABSOLUTE
    __ARM_use_no_argv                        0x00000000   Number         0  main.o ABSOLUTE
    __ARM_exceptions_init                     - Undefined Weak Reference
    __alloca_initialize                       - Undefined Weak Reference
    __arm_preinit_                            - Undefined Weak Reference
    __cpp_initialize__aeabi_                  - Undefined Weak Reference
    __cxa_finalize                            - Undefined Weak Reference
    __rt_locale                               - Undefined Weak Reference
    __sigvec_lookup                           - Undefined Weak Reference
    _atexit_init                              - Undefined Weak Reference
    _call_atexit_fns                          - Undefined Weak Reference
    _clock_init                               - Undefined Weak Reference
    _fp_trap_init                             - Undefined Weak Reference
    _fp_trap_shutdown                         - Undefined Weak Reference
    _get_lc_collate                           - Undefined Weak Reference
    _get_lc_ctype                             - Undefined Weak Reference
    _get_lc_monetary                          - Undefined Weak Reference
    _get_lc_numeric                           - Undefined Weak Reference
    _get_lc_time                              - Undefined Weak Reference
    _getenv_init                              - Undefined Weak Reference
    _handle_redirection                       - Undefined Weak Reference
    _init_alloc                               - Undefined Weak Reference
    _init_user_alloc                          - Undefined Weak Reference
    _initio                                   - Undefined Weak Reference
    _rand_init                                - Undefined Weak Reference
    _signal_finish                            - Undefined Weak Reference
    _signal_init                              - Undefined Weak Reference
    _terminate_alloc                          - Undefined Weak Reference
    _terminate_user_alloc                     - Undefined Weak Reference
    _terminateio                              - Undefined Weak Reference
    __Vectors_Size                           0x00000188   Number         0  startup_stm32f40_41xxx.o ABSOLUTE
    __Vectors                                0x08000000   Data           4  startup_stm32f40_41xxx.o(RESET)
    __Vectors_End                            0x08000188   Data           0  startup_stm32f40_41xxx.o(RESET)
    __main                                   0x08000189   Thumb Code     8  __main.o(!!!main)
    __scatterload                            0x08000191   Thumb Code     0  __scatter.o(!!!scatter)
    __scatterload_rt2                        0x08000191   Thumb Code    44  __scatter.o(!!!scatter)
    __scatterload_rt2_thumb_only             0x08000191   Thumb Code     0  __scatter.o(!!!scatter)
    __scatterload_null                       0x0800019f   Thumb Code     0  __scatter.o(!!!scatter)
    __scatterload_copy                       0x080001c5   Thumb Code    26  __scatter_copy.o(!!handler_copy)
    __scatterload_zeroinit                   0x080001e1   Thumb Code    28  __scatter_zi.o(!!handler_zi)
    __rt_lib_init                            0x080001fd   Thumb Code     0  libinit.o(.ARM.Collect$$libinit$$00000000)
    __rt_lib_init_fp_1                       0x080001ff   Thumb Code     0  libinit2.o(.ARM.Collect$$libinit$$00000001)
    __rt_lib_init_alloca_1                   0x08000203   Thumb Code     0  libinit2.o(.ARM.Collect$$libinit$$0000002E)
    __rt_lib_init_argv_1                     0x08000203   Thumb Code     0  libinit2.o(.ARM.Collect$$libinit$$0000002C)
    __rt_lib_init_atexit_1                   0x08000203   Thumb Code     0  libinit2.o(.ARM.Collect$$libinit$$0000001B)
    __rt_lib_init_clock_1                    0x08000203   Thumb Code     0  libinit2.o(.ARM.Collect$$libinit$$00000021)
    __rt_lib_init_cpp_1                      0x08000203   Thumb Code     0  libinit2.o(.ARM.Collect$$libinit$$00000032)
    __rt_lib_init_exceptions_1               0x08000203   Thumb Code     0  libinit2.o(.ARM.Collect$$libinit$$00000030)
    __rt_lib_init_fp_trap_1                  0x08000203   Thumb Code     0  libinit2.o(.ARM.Collect$$libinit$$0000001F)
    __rt_lib_init_getenv_1                   0x08000203   Thumb Code     0  libinit2.o(.ARM.Collect$$libinit$$00000023)
    __rt_lib_init_heap_1                     0x08000203   Thumb Code     0  libinit2.o(.ARM.Collect$$libinit$$0000000A)
    __rt_lib_init_lc_collate_1               0x08000203   Thumb Code     0  libinit2.o(.ARM.Collect$$libinit$$00000011)
    __rt_lib_init_lc_ctype_1                 0x08000203   Thumb Code     0  libinit2.o(.ARM.Collect$$libinit$$00000013)
    __rt_lib_init_lc_monetary_1              0x08000203   Thumb Code     0  libinit2.o(.ARM.Collect$$libinit$$00000015)
    __rt_lib_init_lc_numeric_1               0x08000203   Thumb Code     0  libinit2.o(.ARM.Collect$$libinit$$00000017)
    __rt_lib_init_lc_time_1                  0x08000203   Thumb Code     0  libinit2.o(.ARM.Collect$$libinit$$00000019)
    __rt_lib_init_preinit_1                  0x08000203   Thumb Code     0  libinit2.o(.ARM.Collect$$libinit$$00000004)
    __rt_lib_init_rand_1                     0x08000203   Thumb Code     0  libinit2.o(.ARM.Collect$$libinit$$0000000E)
    __rt_lib_init_return                     0x08000203   Thumb Code     0  libinit2.o(.ARM.Collect$$libinit$$00000033)
    __rt_lib_init_signal_1                   0x08000203   Thumb Code     0  libinit2.o(.ARM.Collect$$libinit$$0000001D)
    __rt_lib_init_stdio_1                    0x08000203   Thumb Code     0  libinit2.o(.ARM.Collect$$libinit$$00000025)
    __rt_lib_init_user_alloc_1               0x08000203   Thumb Code     0  libinit2.o(.ARM.Collect$$libinit$$0000000C)
    __rt_lib_shutdown                        0x08000205   Thumb Code     0  libshutdown.o(.ARM.Collect$$libshutdown$$00000000)
    __rt_lib_shutdown_fp_trap_1              0x08000207   Thumb Code     0  libshutdown2.o(.ARM.Collect$$libshutdown$$00000006)
    __rt_lib_shutdown_heap_1                 0x08000207   Thumb Code     0  libshutdown2.o(.ARM.Collect$$libshutdown$$0000000E)
    __rt_lib_shutdown_return                 0x08000207   Thumb Code     0  libshutdown2.o(.ARM.Collect$$libshutdown$$0000000F)
    __rt_lib_shutdown_signal_1               0x08000207   Thumb Code     0  libshutdown2.o(.ARM.Collect$$libshutdown$$00000009)
    __rt_lib_shutdown_stdio_1                0x08000207   Thumb Code     0  libshutdown2.o(.ARM.Collect$$libshutdown$$00000003)
    __rt_lib_shutdown_user_alloc_1           0x08000207   Thumb Code     0  libshutdown2.o(.ARM.Collect$$libshutdown$$0000000B)
    __rt_entry                               0x08000209   Thumb Code     0  __rtentry.o(.ARM.Collect$$rtentry$$00000000)
    __rt_entry_presh_1                       0x08000209   Thumb Code     0  __rtentry2.o(.ARM.Collect$$rtentry$$00000002)
    __rt_entry_sh                            0x08000209   Thumb Code     0  __rtentry4.o(.ARM.Collect$$rtentry$$00000004)
    __rt_entry_li                            0x0800020f   Thumb Code     0  __rtentry2.o(.ARM.Collect$$rtentry$$0000000A)
    __rt_entry_postsh_1                      0x0800020f   Thumb Code     0  __rtentry2.o(.ARM.Collect$$rtentry$$00000009)
    __rt_entry_main                          0x08000213   Thumb Code     0  __rtentry2.o(.ARM.Collect$$rtentry$$0000000D)
    __rt_entry_postli_1                      0x08000213   Thumb Code     0  __rtentry2.o(.ARM.Collect$$rtentry$$0000000C)
    __rt_exit                                0x0800021b   Thumb Code     0  rtexit.o(.ARM.Collect$$rtexit$$00000000)
    __rt_exit_ls                             0x0800021d   Thumb Code     0  rtexit2.o(.ARM.Collect$$rtexit$$00000003)
    __rt_exit_prels_1                        0x0800021d   Thumb Code     0  rtexit2.o(.ARM.Collect$$rtexit$$00000002)
    __rt_exit_exit                           0x08000221   Thumb Code     0  rtexit2.o(.ARM.Collect$$rtexit$$00000004)
    Reset_Handler                            0x08000229   Thumb Code     8  startup_stm32f40_41xxx.o(.text)
    ADC_IRQHandler                           0x08000243   Thumb Code     0  startup_stm32f40_41xxx.o(.text)
    CAN1_RX0_IRQHandler                      0x08000243   Thumb Code     0  startup_stm32f40_41xxx.o(.text)
    CAN1_RX1_IRQHandler                      0x08000243   Thumb Code     0  startup_stm32f40_41xxx.o(.text)
    CAN1_SCE_IRQHandler                      0x08000243   Thumb Code     0  startup_stm32f40_41xxx.o(.text)
    CAN1_TX_IRQHandler                       0x08000243   Thumb Code     0  startup_stm32f40_41xxx.o(.text)
    CAN2_RX0_IRQHandler                      0x08000243   Thumb Code     0  startup_stm32f40_41xxx.o(.text)
    CAN2_RX1_IRQHandler                      0x08000243   Thumb Code     0  startup_stm32f40_41xxx.o(.text)
    CAN2_SCE_IRQHandler                      0x08000243   Thumb Code     0  startup_stm32f40_41xxx.o(.text)
    CAN2_TX_IRQHandler                       0x08000243   Thumb Code     0  startup_stm32f40_41xxx.o(.text)
    CRYP_IRQHandler                          0x08000243   Thumb Code     0  startup_stm32f40_41xxx.o(.text)
    DCMI_IRQHandler                          0x08000243   Thumb Code     0  startup_stm32f40_41xxx.o(.text)
    DMA1_Stream0_IRQHandler                  0x08000243   Thumb Code     0  startup_stm32f40_41xxx.o(.text)
    DMA1_Stream1_IRQHandler                  0x08000243   Thumb Code     0  startup_stm32f40_41xxx.o(.text)
    DMA1_Stream2_IRQHandler                  0x08000243   Thumb Code     0  startup_stm32f40_41xxx.o(.text)
    DMA1_Stream3_IRQHandler                  0x08000243   Thumb Code     0  startup_stm32f40_41xxx.o(.text)
    DMA1_Stream4_IRQHandler                  0x08000243   Thumb Code     0  startup_stm32f40_41xxx.o(.text)
    DMA1_Stream5_IRQHandler                  0x08000243   Thumb Code     0  startup_stm32f40_41xxx.o(.text)
    DMA1_Stream6_IRQHandler                  0x08000243   Thumb Code     0  startup_stm32f40_41xxx.o(.text)
    DMA1_Stream7_IRQHandler                  0x08000243   Thumb Code     0  startup_stm32f40_41xxx.o(.text)
    DMA2_Stream0_IRQHandler                  0x08000243   Thumb Code     0  startup_stm32f40_41xxx.o(.text)
    DMA2_Stream1_IRQHandler                  0x08000243   Thumb Code     0  startup_stm32f40_41xxx.o(.text)
    DMA2_Stream2_IRQHandler                  0x08000243   Thumb Code     0  startup_stm32f40_41xxx.o(.text)
    DMA2_Stream3_IRQHandler                  0x08000243   Thumb Code     0  startup_stm32f40_41xxx.o(.text)
    DMA2_Stream4_IRQHandler                  0x08000243   Thumb Code     0  startup_stm32f40_41xxx.o(.text)
    DMA2_Stream5_IRQHandler                  0x08000243   Thumb Code     0  startup_stm32f40_41xxx.o(.text)
    DMA2_Stream6_IRQHandler                  0x08000243   Thumb Code     0  startup_stm32f40_41xxx.o(.text)
    DMA2_Stream7_IRQHandler                  0x08000243   Thumb Code     0  startup_stm32f40_41xxx.o(.text)
    ETH_IRQHandler                           0x08000243   Thumb Code     0  startup_stm32f40_41xxx.o(.text)
    ETH_WKUP_IRQHandler                      0x08000243   Thumb Code     0  startup_stm32f40_41xxx.o(.text)
    EXTI0_IRQHandler                         0x08000243   Thumb Code     0  startup_stm32f40_41xxx.o(.text)
    EXTI15_10_IRQHandler                     0x08000243   Thumb Code     0  startup_stm32f40_41xxx.o(.text)
    EXTI1_IRQHandler                         0x08000243   Thumb Code     0  startup_stm32f40_41xxx.o(.text)
    EXTI2_IRQHandler                         0x08000243   Thumb Code     0  startup_stm32f40_41xxx.o(.text)
    EXTI3_IRQHandler                         0x08000243   Thumb Code     0  startup_stm32f40_41xxx.o(.text)
    EXTI4_IRQHandler                         0x08000243   Thumb Code     0  startup_stm32f40_41xxx.o(.text)
    EXTI9_5_IRQHandler                       0x08000243   Thumb Code     0  startup_stm32f40_41xxx.o(.text)
    FLASH_IRQHandler                         0x08000243   Thumb Code     0  startup_stm32f40_41xxx.o(.text)
    FPU_IRQHandler                           0x08000243   Thumb Code     0  startup_stm32f40_41xxx.o(.text)
    FSMC_IRQHandler                          0x08000243   Thumb Code     0  startup_stm32f40_41xxx.o(.text)
    HASH_RNG_IRQHandler                      0x08000243   Thumb Code     0  startup_stm32f40_41xxx.o(.text)
    I2C1_ER_IRQHandler                       0x08000243   Thumb Code     0  startup_stm32f40_41xxx.o(.text)
    I2C1_EV_IRQHandler                       0x08000243   Thumb Code     0  startup_stm32f40_41xxx.o(.text)
    I2C2_ER_IRQHandler                       0x08000243   Thumb Code     0  startup_stm32f40_41xxx.o(.text)
    I2C2_EV_IRQHandler                       0x08000243   Thumb Code     0  startup_stm32f40_41xxx.o(.text)
    I2C3_ER_IRQHandler                       0x08000243   Thumb Code     0  startup_stm32f40_41xxx.o(.text)
    I2C3_EV_IRQHandler                       0x08000243   Thumb Code     0  startup_stm32f40_41xxx.o(.text)
    OTG_FS_IRQHandler                        0x08000243   Thumb Code     0  startup_stm32f40_41xxx.o(.text)
    OTG_FS_WKUP_IRQHandler                   0x08000243   Thumb Code     0  startup_stm32f40_41xxx.o(.text)
    OTG_HS_EP1_IN_IRQHandler                 0x08000243   Thumb Code     0  startup_stm32f40_41xxx.o(.text)
    OTG_HS_EP1_OUT_IRQHandler                0x08000243   Thumb Code     0  startup_stm32f40_41xxx.o(.text)
    OTG_HS_IRQHandler                        0x08000243   Thumb Code     0  startup_stm32f40_41xxx.o(.text)
    OTG_HS_WKUP_IRQHandler                   0x08000243   Thumb Code     0  startup_stm32f40_41xxx.o(.text)
    PVD_IRQHandler                           0x08000243   Thumb Code     0  startup_stm32f40_41xxx.o(.text)
    RCC_IRQHandler                           0x08000243   Thumb Code     0  startup_stm32f40_41xxx.o(.text)
    RTC_Alarm_IRQHandler                     0x08000243   Thumb Code     0  startup_stm32f40_41xxx.o(.text)
    RTC_WKUP_IRQHandler                      0x08000243   Thumb Code     0  startup_stm32f40_41xxx.o(.text)
    SDIO_IRQHandler                          0x08000243   Thumb Code     0  startup_stm32f40_41xxx.o(.text)
    SPI1_IRQHandler                          0x08000243   Thumb Code     0  startup_stm32f40_41xxx.o(.text)
    SPI2_IRQHandler                          0x08000243   Thumb Code     0  startup_stm32f40_41xxx.o(.text)
    SPI3_IRQHandler                          0x08000243   Thumb Code     0  startup_stm32f40_41xxx.o(.text)
    TAMP_STAMP_IRQHandler                    0x08000243   Thumb Code     0  startup_stm32f40_41xxx.o(.text)
    TIM1_BRK_TIM9_IRQHandler                 0x08000243   Thumb Code     0  startup_stm32f40_41xxx.o(.text)
    TIM1_CC_IRQHandler                       0x08000243   Thumb Code     0  startup_stm32f40_41xxx.o(.text)
    TIM1_TRG_COM_TIM11_IRQHandler            0x08000243   Thumb Code     0  startup_stm32f40_41xxx.o(.text)
    TIM1_UP_TIM10_IRQHandler                 0x08000243   Thumb Code     0  startup_stm32f40_41xxx.o(.text)
    TIM2_IRQHandler                          0x08000243   Thumb Code     0  startup_stm32f40_41xxx.o(.text)
    TIM3_IRQHandler                          0x08000243   Thumb Code     0  startup_stm32f40_41xxx.o(.text)
    TIM4_IRQHandler                          0x08000243   Thumb Code     0  startup_stm32f40_41xxx.o(.text)
    TIM5_IRQHandler                          0x08000243   Thumb Code     0  startup_stm32f40_41xxx.o(.text)
    TIM6_DAC_IRQHandler                      0x08000243   Thumb Code     0  startup_stm32f40_41xxx.o(.text)
    TIM7_IRQHandler                          0x08000243   Thumb Code     0  startup_stm32f40_41xxx.o(.text)
    TIM8_BRK_TIM12_IRQHandler                0x08000243   Thumb Code     0  startup_stm32f40_41xxx.o(.text)
    TIM8_CC_IRQHandler                       0x08000243   Thumb Code     0  startup_stm32f40_41xxx.o(.text)
    TIM8_UP_TIM13_IRQHandler                 0x08000243   Thumb Code     0  startup_stm32f40_41xxx.o(.text)
    UART5_IRQHandler                         0x08000243   Thumb Code     0  startup_stm32f40_41xxx.o(.text)
    USART2_IRQHandler                        0x08000243   Thumb Code     0  startup_stm32f40_41xxx.o(.text)
    USART3_IRQHandler                        0x08000243   Thumb Code     0  startup_stm32f40_41xxx.o(.text)
    USART6_IRQHandler                        0x08000243   Thumb Code     0  startup_stm32f40_41xxx.o(.text)
    WWDG_IRQHandler                          0x08000243   Thumb Code     0  startup_stm32f40_41xxx.o(.text)
    __user_initial_stackheap                 0x08000245   Thumb Code     0  startup_stm32f40_41xxx.o(.text)
    __use_two_region_memory                  0x08000269   Thumb Code     2  heapauxi.o(.text)
    __rt_heap_escrow$2region                 0x0800026b   Thumb Code     2  heapauxi.o(.text)
    __rt_heap_expand$2region                 0x0800026d   Thumb Code     2  heapauxi.o(.text)
    __read_errno                             0x0800026f   Thumb Code    10  _rserrno.o(.text)
    __set_errno                              0x08000279   Thumb Code    12  _rserrno.o(.text)
    __aeabi_errno_addr                       0x08000285   Thumb Code     8  rt_errno_addr_intlibspace.o(.text)
    __errno$intlibspace                      0x08000285   Thumb Code     0  rt_errno_addr_intlibspace.o(.text)
    __rt_errno_addr$intlibspace              0x08000285   Thumb Code     0  rt_errno_addr_intlibspace.o(.text)
    __user_libspace                          0x0800028d   Thumb Code     8  libspace.o(.text)
    __user_perproc_libspace                  0x0800028d   Thumb Code     0  libspace.o(.text)
    __user_perthread_libspace                0x0800028d   Thumb Code     0  libspace.o(.text)
    __user_setup_stackheap                   0x08000295   Thumb Code    74  sys_stackheap_outer.o(.text)
    exit                                     0x080002df   Thumb Code    12  exit.o(.text)
    _sys_exit                                0x080002ed   Thumb Code     8  sys_exit.o(.text)
    __I$use$semihosting                      0x080002f9   Thumb Code     0  use_no_semi.o(.text)
    __use_no_semihosting_swi                 0x080002f9   Thumb Code     2  use_no_semi.o(.text)
    __semihosting_library_function           0x080002fb   Thumb Code     0  indicate_semi.o(.text)
    Angle_Get                                0x080002fd   Thumb Code   254  handle.o(i.Angle_Get)
    BASE_Init                                0x08000429   Thumb Code    34  main.o(i.BASE_Init)
    BusFault_Handler                         0x0800044b   Thumb Code     4  stm32f4xx_it.o(i.BusFault_Handler)
    Data_Handle                              0x0800044f   Thumb Code    28  handle.o(i.Data_Handle)
    Data_Send_To_Master                      0x0800046d   Thumb Code   104  handle.o(i.Data_Send_To_Master)
    DebugMon_Handler                         0x080004e5   Thumb Code     2  stm32f4xx_it.o(i.DebugMon_Handler)
    Encoder1_get                             0x080004e9   Thumb Code    94  handle.o(i.Encoder1_get)
    Encoder2_get                             0x0800055d   Thumb Code    94  handle.o(i.Encoder2_get)
    GPIO_Init                                0x080005d1   Thumb Code   144  stm32f4xx_gpio.o(i.GPIO_Init)
    GPIO_PinAFConfig                         0x08000661   Thumb Code    70  stm32f4xx_gpio.o(i.GPIO_PinAFConfig)
    GPIO_ResetBits                           0x080006a7   Thumb Code     4  stm32f4xx_gpio.o(i.GPIO_ResetBits)
    G_Robot_Get                              0x080006ad   Thumb Code    44  handle.o(i.G_Robot_Get)
    HardFault_Handler                        0x080006e1   Thumb Code    28  stm32f4xx_it.o(i.HardFault_Handler)
    LED_Init                                 0x08000701   Thumb Code   142  led.o(i.LED_Init)
    MemManage_Handler                        0x0800079d   Thumb Code     4  stm32f4xx_it.o(i.MemManage_Handler)
    NMI_Handler                              0x080007a1   Thumb Code     2  stm32f4xx_it.o(i.NMI_Handler)
    NVIC_Configuration                       0x080007a3   Thumb Code    12  nvic.o(i.NVIC_Configuration)
    NVIC_Init                                0x080007b1   Thumb Code   106  misc.o(i.NVIC_Init)
    NVIC_PriorityGroupConfig                 0x08000829   Thumb Code    10  misc.o(i.NVIC_PriorityGroupConfig)
    PendSV_Handler                           0x0800083d   Thumb Code     2  stm32f4xx_it.o(i.PendSV_Handler)
    RCC_AHB1PeriphClockCmd                   0x08000841   Thumb Code    26  stm32f4xx_rcc.o(i.RCC_AHB1PeriphClockCmd)
    RCC_APB1PeriphClockCmd                   0x08000861   Thumb Code    26  stm32f4xx_rcc.o(i.RCC_APB1PeriphClockCmd)
    RCC_APB2PeriphClockCmd                   0x08000881   Thumb Code    26  stm32f4xx_rcc.o(i.RCC_APB2PeriphClockCmd)
    RCC_GetClocksFreq                        0x080008a1   Thumb Code   214  stm32f4xx_rcc.o(i.RCC_GetClocksFreq)
    R_Robot_Get                              0x08000989   Thumb Code   372  handle.o(i.R_Robot_Get)
    SVC_Handler                              0x08000b2d   Thumb Code     2  stm32f4xx_it.o(i.SVC_Handler)
    SysTick_CLKSourceConfig                  0x08000c1d   Thumb Code    40  misc.o(i.SysTick_CLKSourceConfig)
    SysTick_Handler                          0x08000c45   Thumb Code     2  stm32f4xx_it.o(i.SysTick_Handler)
    SystemInit                               0x08000c49   Thumb Code    88  system_stm32f4xx.o(i.SystemInit)
    TF_Robot_to_Global                       0x08000cb1   Thumb Code   446  handle.o(i.TF_Robot_to_Global)
    TIM14_Init                               0x08000fa1   Thumb Code    88  timer.o(i.TIM14_Init)
    TIM3_Init                                0x08000ffd   Thumb Code   220  timer.o(i.TIM3_Init)
    TIM4_Init                                0x080010e1   Thumb Code   220  timer.o(i.TIM4_Init)
    TIM8_TRG_COM_TIM14_IRQHandler            0x080011c5   Thumb Code    32  timer.o(i.TIM8_TRG_COM_TIM14_IRQHandler)
    TIMER_Init                               0x080011e9   Thumb Code    22  timer.o(i.TIMER_Init)
    TIM_ClearFlag                            0x080011ff   Thumb Code     6  stm32f4xx_tim.o(i.TIM_ClearFlag)
    TIM_ClearITPendingBit                    0x08001205   Thumb Code     6  stm32f4xx_tim.o(i.TIM_ClearITPendingBit)
    TIM_Cmd                                  0x0800120b   Thumb Code    24  stm32f4xx_tim.o(i.TIM_Cmd)
    TIM_EncoderInterfaceConfig               0x08001223   Thumb Code    66  stm32f4xx_tim.o(i.TIM_EncoderInterfaceConfig)
    TIM_GetITStatus                          0x08001265   Thumb Code    34  stm32f4xx_tim.o(i.TIM_GetITStatus)
    TIM_ICInit                               0x08001287   Thumb Code   110  stm32f4xx_tim.o(i.TIM_ICInit)
    TIM_ITConfig                             0x080012f5   Thumb Code    18  stm32f4xx_tim.o(i.TIM_ITConfig)
    TIM_SetCounter                           0x08001307   Thumb Code     4  stm32f4xx_tim.o(i.TIM_SetCounter)
    TIM_SetIC1Prescaler                      0x0800130b   Thumb Code    18  stm32f4xx_tim.o(i.TIM_SetIC1Prescaler)
    TIM_SetIC2Prescaler                      0x0800131d   Thumb Code    26  stm32f4xx_tim.o(i.TIM_SetIC2Prescaler)
    TIM_SetIC3Prescaler                      0x08001337   Thumb Code    18  stm32f4xx_tim.o(i.TIM_SetIC3Prescaler)
    TIM_SetIC4Prescaler                      0x08001349   Thumb Code    26  stm32f4xx_tim.o(i.TIM_SetIC4Prescaler)
    TIM_TimeBaseInit                         0x08001365   Thumb Code   104  stm32f4xx_tim.o(i.TIM_TimeBaseInit)
    UART4_IRQHandler                         0x080013e9   Thumb Code   256  uart4.o(i.UART4_IRQHandler)
    UART4_Init                               0x08001505   Thumb Code   170  uart4.o(i.UART4_Init)
    UART4_SendChar                           0x080015b9   Thumb Code    28  uart4.o(i.UART4_SendChar)
    USART1_IRQHandler                        0x080015d9   Thumb Code   586  usart1.o(i.USART1_IRQHandler)
    USART1_Init                              0x08001871   Thumb Code   182  usart1.o(i.USART1_Init)
    USART2_Init                              0x08001935   Thumb Code   174  usart2.o(i.USART2_Init)
    USART2_SendChar                          0x080019ed   Thumb Code    28  usart2.o(i.USART2_SendChar)
    USART_ClearFlag                          0x08001a0d   Thumb Code    18  stm32f4xx_usart.o(i.USART_ClearFlag)
    USART_ClearITPendingBit                  0x08001a1f   Thumb Code    30  stm32f4xx_usart.o(i.USART_ClearITPendingBit)
    USART_Cmd                                0x08001a3d   Thumb Code    24  stm32f4xx_usart.o(i.USART_Cmd)
    USART_GetFlagStatus                      0x08001a55   Thumb Code    26  stm32f4xx_usart.o(i.USART_GetFlagStatus)
    USART_GetITStatus                        0x08001a6f   Thumb Code    84  stm32f4xx_usart.o(i.USART_GetITStatus)
    USART_ITConfig                           0x08001ac3   Thumb Code    74  stm32f4xx_usart.o(i.USART_ITConfig)
    USART_Init                               0x08001b0d   Thumb Code   204  stm32f4xx_usart.o(i.USART_Init)
    USART_ReceiveData                        0x08001be1   Thumb Code    10  stm32f4xx_usart.o(i.USART_ReceiveData)
    USART_SendData                           0x08001beb   Thumb Code     8  stm32f4xx_usart.o(i.USART_SendData)
    UsageFault_Handler                       0x08001bf3   Thumb Code     4  stm32f4xx_it.o(i.UsageFault_Handler)
    __ARM_fpclassify                         0x08001bf7   Thumb Code    48  fpclassify.o(i.__ARM_fpclassify)
    __hardfp_cos                             0x08001c29   Thumb Code   180  cos.o(i.__hardfp_cos)
    __hardfp_fabs                            0x08001cf1   Thumb Code    20  fabs.o(i.__hardfp_fabs)
    __hardfp_sin                             0x08001d09   Thumb Code   180  sin.o(i.__hardfp_sin)
    __ieee754_rem_pio2                       0x08001dd1   Thumb Code   938  rred.o(i.__ieee754_rem_pio2)
    __kernel_cos                             0x08002209   Thumb Code   322  cos_i.o(i.__kernel_cos)
    __kernel_poly                            0x08002379   Thumb Code   248  poly.o(i.__kernel_poly)
    __kernel_sin                             0x08002471   Thumb Code   280  sin_i.o(i.__kernel_sin)
    __mathlib_dbl_infnan                     0x080025a1   Thumb Code    20  dunder.o(i.__mathlib_dbl_infnan)
    __mathlib_dbl_invalid                    0x080025b9   Thumb Code    24  dunder.o(i.__mathlib_dbl_invalid)
    __mathlib_dbl_underflow                  0x080025d9   Thumb Code    24  dunder.o(i.__mathlib_dbl_underflow)
    clean_imudate                            0x080025f9   Thumb Code    64  uart4.o(i.clean_imudate)
    delay_init                               0x0800263d   Thumb Code    62  delay.o(i.delay_init)
    delay_ms                                 0x08002689   Thumb Code    56  delay.o(i.delay_ms)
    delay_us                                 0x080026c1   Thumb Code    72  delay.o(i.delay_us)
    delay_xms                                0x0800270d   Thumb Code    72  delay.o(i.delay_xms)
    fabs                                     0x08002759   Thumb Code    24  fabs.o(i.fabs)
    get_imudata                              0x08002771   Thumb Code   180  uart4.o(i.get_imudata)
    main                                     0x08002839   Thumb Code     8  main.o(i.main)
    __aeabi_dneg                             0x08002841   Thumb Code     0  basic.o(x$fpl$basic)
    _dneg                                    0x08002841   Thumb Code     6  basic.o(x$fpl$basic)
    __aeabi_fneg                             0x08002847   Thumb Code     0  basic.o(x$fpl$basic)
    _fneg                                    0x08002847   Thumb Code     6  basic.o(x$fpl$basic)
    _dabs                                    0x0800284d   Thumb Code     6  basic.o(x$fpl$basic)
    _fabs                                    0x08002853   Thumb Code     6  basic.o(x$fpl$basic)
    __aeabi_d2f                              0x08002859   Thumb Code     0  d2f.o(x$fpl$d2f)
    _d2f                                     0x08002859   Thumb Code    98  d2f.o(x$fpl$d2f)
    __aeabi_dadd                             0x080028bd   Thumb Code     0  daddsub_clz.o(x$fpl$dadd)
    _dadd                                    0x080028bd   Thumb Code   332  daddsub_clz.o(x$fpl$dadd)
    __fpl_dcmp_Inf                           0x08002a0d   Thumb Code    24  dcmpi.o(x$fpl$dcmpinf)
    __aeabi_ddiv                             0x08002a25   Thumb Code     0  ddiv.o(x$fpl$ddiv)
    _ddiv                                    0x08002a25   Thumb Code   552  ddiv.o(x$fpl$ddiv)
    __aeabi_cdcmpeq                          0x08002cd5   Thumb Code     0  deqf.o(x$fpl$deqf)
    _dcmpeq                                  0x08002cd5   Thumb Code   120  deqf.o(x$fpl$deqf)
    __aeabi_d2iz                             0x08002d4d   Thumb Code     0  dfix.o(x$fpl$dfix)
    _dfix                                    0x08002d4d   Thumb Code    94  dfix.o(x$fpl$dfix)
    __aeabi_i2d                              0x08002dab   Thumb Code     0  dflt_clz.o(x$fpl$dflt)
    _dflt                                    0x08002dab   Thumb Code    46  dflt_clz.o(x$fpl$dflt)
    __aeabi_ui2d                             0x08002dd9   Thumb Code     0  dflt_clz.o(x$fpl$dfltu)
    _dfltu                                   0x08002dd9   Thumb Code    38  dflt_clz.o(x$fpl$dfltu)
    __aeabi_cdcmple                          0x08002e01   Thumb Code     0  dleqf.o(x$fpl$dleqf)
    _dcmple                                  0x08002e01   Thumb Code   120  dleqf.o(x$fpl$dleqf)
    __fpl_dcmple_InfNaN                      0x08002e63   Thumb Code     0  dleqf.o(x$fpl$dleqf)
    __aeabi_dmul                             0x08002e79   Thumb Code     0  dmul.o(x$fpl$dmul)
    _dmul                                    0x08002e79   Thumb Code   332  dmul.o(x$fpl$dmul)
    __fpl_dnaninf                            0x08002fcd   Thumb Code   156  dnaninf.o(x$fpl$dnaninf)
    __fpl_dretinf                            0x08003069   Thumb Code    12  dretinf.o(x$fpl$dretinf)
    __aeabi_cdrcmple                         0x08003075   Thumb Code     0  drleqf.o(x$fpl$drleqf)
    _drcmple                                 0x08003075   Thumb Code   108  drleqf.o(x$fpl$drleqf)
    __aeabi_drsub                            0x080030e1   Thumb Code     0  daddsub_clz.o(x$fpl$drsb)
    _drsb                                    0x080030e1   Thumb Code    22  daddsub_clz.o(x$fpl$drsb)
    __aeabi_dsub                             0x080030f9   Thumb Code     0  daddsub_clz.o(x$fpl$dsub)
    _dsub                                    0x080030f9   Thumb Code   464  daddsub_clz.o(x$fpl$dsub)
    __aeabi_f2d                              0x080032cd   Thumb Code     0  f2d.o(x$fpl$f2d)
    _f2d                                     0x080032cd   Thumb Code    86  f2d.o(x$fpl$f2d)
    __fpl_fnaninf                            0x08003323   Thumb Code   140  fnaninf.o(x$fpl$fnaninf)
    _fp_init                                 0x080033af   Thumb Code    10  fpinit.o(x$fpl$fpinit)
    __fplib_config_fpu_vfp                   0x080033b7   Thumb Code     0  fpinit.o(x$fpl$fpinit)
    __fplib_config_pureend_doubles           0x080033b7   Thumb Code     0  fpinit.o(x$fpl$fpinit)
    __fpl_fretinf                            0x080033b9   Thumb Code    10  fretinf.o(x$fpl$fretinf)
    __I$use$fp                               0x080033c2   Number         0  usenofp.o(x$fpl$usenofp)
    Region$$Table$$Base                      0x080034e8   Number         0  anon$$obj.o(Region$$Table)
    Region$$Table$$Limit                     0x08003508   Number         0  anon$$obj.o(Region$$Table)
    cntone                                   0x20000004   Data           4  usart1.o(.data)
    cnttwo                                   0x20000008   Data           4  usart1.o(.data)
    flag                                     0x2000000c   Data           4  usart1.o(.data)
    yaw                                      0x20000010   Data           4  usart1.o(.data)
    imu1500_data                             0x20000014   Data           1  usart1.o(.data)
    imu1500_check                            0x20000016   Data           2  usart1.o(.data)
    imu_cur_1500                             0x20000018   Data           4  usart1.o(.data)
    CRC_check                                0x2000001c   Data           2  usart1.o(.data)
    imu_Recstate_1500                        0x2000001e   Data           1  usart1.o(.data)
    TF_clean_yaw                             0x20000020   Data           1  uart4.o(.data)
    imu_Recstate_1700                        0x20000021   Data           1  uart4.o(.data)
    imu_checksum                             0x20000022   Data           2  uart4.o(.data)
    imu_cur_1700                             0x20000024   Data           4  uart4.o(.data)
    datalen1                                 0x20000028   Data           1  uart4.o(.data)
    data_len                                 0x2000002a   Data           2  uart4.o(.data)
    count                                    0x2000003c   Data           4  handle.o(.data)
    error                                    0x20000040   Data           4  handle.o(.data)
    x_x                                      0x20000044   Data           4  handle.o(.data)
    x_angle                                  0x20000048   Data           4  handle.o(.data)
    x_y                                      0x2000004c   Data           4  handle.o(.data)
    basketballbot                            0x20000050   Data         568  main.o(.bss)
    IMU_data                                 0x20000288   Data         100  usart1.o(.bss)
    imu_buffer                               0x200002ec   Data          30  uart4.o(.bss)
    Palstance                                0x2000030a   Data          30  handle.o(.bss)
    __libspace_start                         0x20000328   Data          96  libspace.o(.bss)
    __temporary_stack_top$libspace           0x20000388   Data           0  libspace.o(.bss)



==============================================================================

Memory Map of the image

  Image Entry point : 0x08000189

  Load Region LR_IROM1 (Base: 0x08000000, Size: 0x00003558, Max: 0x00100000, ABSOLUTE)

    Execution Region ER_IROM1 (Base: 0x08000000, Size: 0x00003508, Max: 0x00100000, ABSOLUTE)

    Base Addr    Size         Type   Attr      Idx    E Section Name        Object

    0x08000000   0x00000188   Data   RO         3521    RESET               startup_stm32f40_41xxx.o
    0x08000188   0x00000008   Code   RO         3672  * !!!main             c_w.l(__main.o)
    0x08000190   0x00000034   Code   RO         3979    !!!scatter          c_w.l(__scatter.o)
    0x080001c4   0x0000001a   Code   RO         3981    !!handler_copy      c_w.l(__scatter_copy.o)
    0x080001de   0x00000002   PAD
    0x080001e0   0x0000001c   Code   RO         3983    !!handler_zi        c_w.l(__scatter_zi.o)
    0x080001fc   0x00000002   Code   RO         3849    .ARM.Collect$$libinit$$00000000  c_w.l(libinit.o)
    0x080001fe   0x00000004   Code   RO         3854    .ARM.Collect$$libinit$$00000001  c_w.l(libinit2.o)
    0x08000202   0x00000000   Code   RO         3857    .ARM.Collect$$libinit$$00000004  c_w.l(libinit2.o)
    0x08000202   0x00000000   Code   RO         3860    .ARM.Collect$$libinit$$0000000A  c_w.l(libinit2.o)
    0x08000202   0x00000000   Code   RO         3862    .ARM.Collect$$libinit$$0000000C  c_w.l(libinit2.o)
    0x08000202   0x00000000   Code   RO         3864    .ARM.Collect$$libinit$$0000000E  c_w.l(libinit2.o)
    0x08000202   0x00000000   Code   RO         3867    .ARM.Collect$$libinit$$00000011  c_w.l(libinit2.o)
    0x08000202   0x00000000   Code   RO         3869    .ARM.Collect$$libinit$$00000013  c_w.l(libinit2.o)
    0x08000202   0x00000000   Code   RO         3871    .ARM.Collect$$libinit$$00000015  c_w.l(libinit2.o)
    0x08000202   0x00000000   Code   RO         3873    .ARM.Collect$$libinit$$00000017  c_w.l(libinit2.o)
    0x08000202   0x00000000   Code   RO         3875    .ARM.Collect$$libinit$$00000019  c_w.l(libinit2.o)
    0x08000202   0x00000000   Code   RO         3877    .ARM.Collect$$libinit$$0000001B  c_w.l(libinit2.o)
    0x08000202   0x00000000   Code   RO         3879    .ARM.Collect$$libinit$$0000001D  c_w.l(libinit2.o)
    0x08000202   0x00000000   Code   RO         3881    .ARM.Collect$$libinit$$0000001F  c_w.l(libinit2.o)
    0x08000202   0x00000000   Code   RO         3883    .ARM.Collect$$libinit$$00000021  c_w.l(libinit2.o)
    0x08000202   0x00000000   Code   RO         3885    .ARM.Collect$$libinit$$00000023  c_w.l(libinit2.o)
    0x08000202   0x00000000   Code   RO         3887    .ARM.Collect$$libinit$$00000025  c_w.l(libinit2.o)
    0x08000202   0x00000000   Code   RO         3891    .ARM.Collect$$libinit$$0000002C  c_w.l(libinit2.o)
    0x08000202   0x00000000   Code   RO         3893    .ARM.Collect$$libinit$$0000002E  c_w.l(libinit2.o)
    0x08000202   0x00000000   Code   RO         3895    .ARM.Collect$$libinit$$00000030  c_w.l(libinit2.o)
    0x08000202   0x00000000   Code   RO         3897    .ARM.Collect$$libinit$$00000032  c_w.l(libinit2.o)
    0x08000202   0x00000002   Code   RO         3898    .ARM.Collect$$libinit$$00000033  c_w.l(libinit2.o)
    0x08000204   0x00000002   Code   RO         3920    .ARM.Collect$$libshutdown$$00000000  c_w.l(libshutdown.o)
    0x08000206   0x00000000   Code   RO         3934    .ARM.Collect$$libshutdown$$00000003  c_w.l(libshutdown2.o)
    0x08000206   0x00000000   Code   RO         3937    .ARM.Collect$$libshutdown$$00000006  c_w.l(libshutdown2.o)
    0x08000206   0x00000000   Code   RO         3940    .ARM.Collect$$libshutdown$$00000009  c_w.l(libshutdown2.o)
    0x08000206   0x00000000   Code   RO         3942    .ARM.Collect$$libshutdown$$0000000B  c_w.l(libshutdown2.o)
    0x08000206   0x00000000   Code   RO         3945    .ARM.Collect$$libshutdown$$0000000E  c_w.l(libshutdown2.o)
    0x08000206   0x00000002   Code   RO         3946    .ARM.Collect$$libshutdown$$0000000F  c_w.l(libshutdown2.o)
    0x08000208   0x00000000   Code   RO         3746    .ARM.Collect$$rtentry$$00000000  c_w.l(__rtentry.o)
    0x08000208   0x00000000   Code   RO         3814    .ARM.Collect$$rtentry$$00000002  c_w.l(__rtentry2.o)
    0x08000208   0x00000006   Code   RO         3826    .ARM.Collect$$rtentry$$00000004  c_w.l(__rtentry4.o)
    0x0800020e   0x00000000   Code   RO         3816    .ARM.Collect$$rtentry$$00000009  c_w.l(__rtentry2.o)
    0x0800020e   0x00000004   Code   RO         3817    .ARM.Collect$$rtentry$$0000000A  c_w.l(__rtentry2.o)
    0x08000212   0x00000000   Code   RO         3819    .ARM.Collect$$rtentry$$0000000C  c_w.l(__rtentry2.o)
    0x08000212   0x00000008   Code   RO         3820    .ARM.Collect$$rtentry$$0000000D  c_w.l(__rtentry2.o)
    0x0800021a   0x00000002   Code   RO         3852    .ARM.Collect$$rtexit$$00000000  c_w.l(rtexit.o)
    0x0800021c   0x00000000   Code   RO         3902    .ARM.Collect$$rtexit$$00000002  c_w.l(rtexit2.o)
    0x0800021c   0x00000004   Code   RO         3903    .ARM.Collect$$rtexit$$00000003  c_w.l(rtexit2.o)
    0x08000220   0x00000006   Code   RO         3904    .ARM.Collect$$rtexit$$00000004  c_w.l(rtexit2.o)
    0x08000226   0x00000002   PAD
    0x08000228   0x00000040   Code   RO         3522    .text               startup_stm32f40_41xxx.o
    0x08000268   0x00000006   Code   RO         3670    .text               c_w.l(heapauxi.o)
    0x0800026e   0x00000016   Code   RO         3747    .text               c_w.l(_rserrno.o)
    0x08000284   0x00000008   Code   RO         3831    .text               c_w.l(rt_errno_addr_intlibspace.o)
    0x0800028c   0x00000008   Code   RO         3837    .text               c_w.l(libspace.o)
    0x08000294   0x0000004a   Code   RO         3840    .text               c_w.l(sys_stackheap_outer.o)
    0x080002de   0x0000000c   Code   RO         3842    .text               c_w.l(exit.o)
    0x080002ea   0x00000002   PAD
    0x080002ec   0x0000000c   Code   RO         3912    .text               c_w.l(sys_exit.o)
    0x080002f8   0x00000002   Code   RO         3923    .text               c_w.l(use_no_semi.o)
    0x080002fa   0x00000000   Code   RO         3925    .text               c_w.l(indicate_semi.o)
    0x080002fa   0x00000002   PAD
    0x080002fc   0x0000012c   Code   RO         3579    i.Angle_Get         handle.o
    0x08000428   0x00000022   Code   RO            3    i.BASE_Init         main.o
    0x0800044a   0x00000004   Code   RO          183    i.BusFault_Handler  stm32f4xx_it.o
    0x0800044e   0x0000001c   Code   RO         3580    i.Data_Handle       handle.o
    0x0800046a   0x00000002   PAD
    0x0800046c   0x00000078   Code   RO         3581    i.Data_Send_To_Master  handle.o
    0x080004e4   0x00000002   Code   RO          184    i.DebugMon_Handler  stm32f4xx_it.o
    0x080004e6   0x00000002   PAD
    0x080004e8   0x00000074   Code   RO         3582    i.Encoder1_get      handle.o
    0x0800055c   0x00000074   Code   RO         3583    i.Encoder2_get      handle.o
    0x080005d0   0x00000090   Code   RO         1292    i.GPIO_Init         stm32f4xx_gpio.o
    0x08000660   0x00000046   Code   RO         1293    i.GPIO_PinAFConfig  stm32f4xx_gpio.o
    0x080006a6   0x00000004   Code   RO         1299    i.GPIO_ResetBits    stm32f4xx_gpio.o
    0x080006aa   0x00000002   PAD
    0x080006ac   0x00000034   Code   RO         3584    i.G_Robot_Get       handle.o
    0x080006e0   0x00000020   Code   RO          185    i.HardFault_Handler  stm32f4xx_it.o
    0x08000700   0x0000009c   Code   RO          381    i.LED_Init          led.o
    0x0800079c   0x00000004   Code   RO          186    i.MemManage_Handler  stm32f4xx_it.o
    0x080007a0   0x00000002   Code   RO          187    i.NMI_Handler       stm32f4xx_it.o
    0x080007a2   0x0000000c   Code   RO          538    i.NVIC_Configuration  nvic.o
    0x080007ae   0x00000002   PAD
    0x080007b0   0x00000078   Code   RO          588    i.NVIC_Init         misc.o
    0x08000828   0x00000014   Code   RO          589    i.NVIC_PriorityGroupConfig  misc.o
    0x0800083c   0x00000002   Code   RO          188    i.PendSV_Handler    stm32f4xx_it.o
    0x0800083e   0x00000002   PAD
    0x08000840   0x00000020   Code   RO         1663    i.RCC_AHB1PeriphClockCmd  stm32f4xx_rcc.o
    0x08000860   0x00000020   Code   RO         1672    i.RCC_APB1PeriphClockCmd  stm32f4xx_rcc.o
    0x08000880   0x00000020   Code   RO         1675    i.RCC_APB2PeriphClockCmd  stm32f4xx_rcc.o
    0x080008a0   0x000000e8   Code   RO         1684    i.RCC_GetClocksFreq  stm32f4xx_rcc.o
    0x08000988   0x000001a4   Code   RO         3585    i.R_Robot_Get       handle.o
    0x08000b2c   0x00000002   Code   RO          189    i.SVC_Handler       stm32f4xx_it.o
    0x08000b2e   0x00000002   PAD
    0x08000b30   0x000000ec   Code   RO          280    i.SetSysClock       system_stm32f4xx.o
    0x08000c1c   0x00000028   Code   RO          592    i.SysTick_CLKSourceConfig  misc.o
    0x08000c44   0x00000002   Code   RO          190    i.SysTick_Handler   stm32f4xx_it.o
    0x08000c46   0x00000002   PAD
    0x08000c48   0x00000068   Code   RO          282    i.SystemInit        system_stm32f4xx.o
    0x08000cb0   0x000001cc   Code   RO         3586    i.TF_Robot_to_Global  handle.o
    0x08000e7c   0x0000003a   Code   RO         2709    i.TI1_Config        stm32f4xx_tim.o
    0x08000eb6   0x00000050   Code   RO         2710    i.TI2_Config        stm32f4xx_tim.o
    0x08000f06   0x00000048   Code   RO         2711    i.TI3_Config        stm32f4xx_tim.o
    0x08000f4e   0x00000050   Code   RO         2712    i.TI4_Config        stm32f4xx_tim.o
    0x08000f9e   0x00000002   PAD
    0x08000fa0   0x0000005c   Code   RO          404    i.TIM14_Init        timer.o
    0x08000ffc   0x000000e4   Code   RO          405    i.TIM3_Init         timer.o
    0x080010e0   0x000000e4   Code   RO          406    i.TIM4_Init         timer.o
    0x080011c4   0x00000024   Code   RO          407    i.TIM8_TRG_COM_TIM14_IRQHandler  timer.o
    0x080011e8   0x00000016   Code   RO          408    i.TIMER_Init        timer.o
    0x080011fe   0x00000006   Code   RO         2719    i.TIM_ClearFlag     stm32f4xx_tim.o
    0x08001204   0x00000006   Code   RO         2720    i.TIM_ClearITPendingBit  stm32f4xx_tim.o
    0x0800120a   0x00000018   Code   RO         2725    i.TIM_Cmd           stm32f4xx_tim.o
    0x08001222   0x00000042   Code   RO         2734    i.TIM_EncoderInterfaceConfig  stm32f4xx_tim.o
    0x08001264   0x00000022   Code   RO         2746    i.TIM_GetITStatus   stm32f4xx_tim.o
    0x08001286   0x0000006e   Code   RO         2748    i.TIM_ICInit        stm32f4xx_tim.o
    0x080012f4   0x00000012   Code   RO         2750    i.TIM_ITConfig      stm32f4xx_tim.o
    0x08001306   0x00000004   Code   RO         2791    i.TIM_SetCounter    stm32f4xx_tim.o
    0x0800130a   0x00000012   Code   RO         2792    i.TIM_SetIC1Prescaler  stm32f4xx_tim.o
    0x0800131c   0x0000001a   Code   RO         2793    i.TIM_SetIC2Prescaler  stm32f4xx_tim.o
    0x08001336   0x00000012   Code   RO         2794    i.TIM_SetIC3Prescaler  stm32f4xx_tim.o
    0x08001348   0x0000001a   Code   RO         2795    i.TIM_SetIC4Prescaler  stm32f4xx_tim.o
    0x08001362   0x00000002   PAD
    0x08001364   0x00000084   Code   RO         2797    i.TIM_TimeBaseInit  stm32f4xx_tim.o
    0x080013e8   0x0000011c   Code   RO          483    i.UART4_IRQHandler  uart4.o
    0x08001504   0x000000b4   Code   RO          484    i.UART4_Init        uart4.o
    0x080015b8   0x00000020   Code   RO          485    i.UART4_SendChar    uart4.o
    0x080015d8   0x00000298   Code   RO          452    i.USART1_IRQHandler  usart1.o
    0x08001870   0x000000c4   Code   RO          453    i.USART1_Init       usart1.o
    0x08001934   0x000000b8   Code   RO          558    i.USART2_Init       usart2.o
    0x080019ec   0x00000020   Code   RO          559    i.USART2_SendChar   usart2.o
    0x08001a0c   0x00000012   Code   RO         3271    i.USART_ClearFlag   stm32f4xx_usart.o
    0x08001a1e   0x0000001e   Code   RO         3272    i.USART_ClearITPendingBit  stm32f4xx_usart.o
    0x08001a3c   0x00000018   Code   RO         3275    i.USART_Cmd         stm32f4xx_usart.o
    0x08001a54   0x0000001a   Code   RO         3278    i.USART_GetFlagStatus  stm32f4xx_usart.o
    0x08001a6e   0x00000054   Code   RO         3279    i.USART_GetITStatus  stm32f4xx_usart.o
    0x08001ac2   0x0000004a   Code   RO         3281    i.USART_ITConfig    stm32f4xx_usart.o
    0x08001b0c   0x000000d4   Code   RO         3282    i.USART_Init        stm32f4xx_usart.o
    0x08001be0   0x0000000a   Code   RO         3289    i.USART_ReceiveData  stm32f4xx_usart.o
    0x08001bea   0x00000008   Code   RO         3292    i.USART_SendData    stm32f4xx_usart.o
    0x08001bf2   0x00000004   Code   RO          191    i.UsageFault_Handler  stm32f4xx_it.o
    0x08001bf6   0x00000030   Code   RO         3785    i.__ARM_fpclassify  m_wm.l(fpclassify.o)
    0x08001c26   0x00000002   PAD
    0x08001c28   0x000000c8   Code   RO         3702    i.__hardfp_cos      m_wm.l(cos.o)
    0x08001cf0   0x00000014   Code   RO         3714    i.__hardfp_fabs     m_wm.l(fabs.o)
    0x08001d04   0x00000004   PAD
    0x08001d08   0x000000c8   Code   RO         3734    i.__hardfp_sin      m_wm.l(sin.o)
    0x08001dd0   0x00000438   Code   RO         3790    i.__ieee754_rem_pio2  m_wm.l(rred.o)
    0x08002208   0x00000170   Code   RO         3768    i.__kernel_cos      m_wm.l(cos_i.o)
    0x08002378   0x000000f8   Code   RO         3787    i.__kernel_poly     m_wm.l(poly.o)
    0x08002470   0x00000130   Code   RO         3795    i.__kernel_sin      m_wm.l(sin_i.o)
    0x080025a0   0x00000014   Code   RO         3772    i.__mathlib_dbl_infnan  m_wm.l(dunder.o)
    0x080025b4   0x00000004   PAD
    0x080025b8   0x00000020   Code   RO         3774    i.__mathlib_dbl_invalid  m_wm.l(dunder.o)
    0x080025d8   0x00000020   Code   RO         3777    i.__mathlib_dbl_underflow  m_wm.l(dunder.o)
    0x080025f8   0x00000044   Code   RO          487    i.clean_imudate     uart4.o
    0x0800263c   0x0000004c   Code   RO          335    i.delay_init        delay.o
    0x08002688   0x00000038   Code   RO          336    i.delay_ms          delay.o
    0x080026c0   0x0000004c   Code   RO          338    i.delay_us          delay.o
    0x0800270c   0x0000004c   Code   RO          339    i.delay_xms         delay.o
    0x08002758   0x00000018   Code   RO         3716    i.fabs              m_wm.l(fabs.o)
    0x08002770   0x000000c8   Code   RO          488    i.get_imudata       uart4.o
    0x08002838   0x00000008   Code   RO            4    i.main              main.o
    0x08002840   0x00000018   Code   RO         3674    x$fpl$basic         fz_wm.l(basic.o)
    0x08002858   0x00000062   Code   RO         3676    x$fpl$d2f           fz_wm.l(d2f.o)
    0x080028ba   0x00000002   PAD
    0x080028bc   0x00000150   Code   RO         3678    x$fpl$dadd          fz_wm.l(daddsub_clz.o)
    0x08002a0c   0x00000018   Code   RO         3749    x$fpl$dcmpinf       fz_wm.l(dcmpi.o)
    0x08002a24   0x000002b0   Code   RO         3685    x$fpl$ddiv          fz_wm.l(ddiv.o)
    0x08002cd4   0x00000078   Code   RO         3688    x$fpl$deqf          fz_wm.l(deqf.o)
    0x08002d4c   0x0000005e   Code   RO         3690    x$fpl$dfix          fz_wm.l(dfix.o)
    0x08002daa   0x0000002e   Code   RO         3752    x$fpl$dflt          fz_wm.l(dflt_clz.o)
    0x08002dd8   0x00000026   Code   RO         3751    x$fpl$dfltu         fz_wm.l(dflt_clz.o)
    0x08002dfe   0x00000002   PAD
    0x08002e00   0x00000078   Code   RO         3694    x$fpl$dleqf         fz_wm.l(dleqf.o)
    0x08002e78   0x00000154   Code   RO         3696    x$fpl$dmul          fz_wm.l(dmul.o)
    0x08002fcc   0x0000009c   Code   RO         3757    x$fpl$dnaninf       fz_wm.l(dnaninf.o)
    0x08003068   0x0000000c   Code   RO         3759    x$fpl$dretinf       fz_wm.l(dretinf.o)
    0x08003074   0x0000006c   Code   RO         3698    x$fpl$drleqf        fz_wm.l(drleqf.o)
    0x080030e0   0x00000016   Code   RO         3679    x$fpl$drsb          fz_wm.l(daddsub_clz.o)
    0x080030f6   0x00000002   PAD
    0x080030f8   0x000001d4   Code   RO         3680    x$fpl$dsub          fz_wm.l(daddsub_clz.o)
    0x080032cc   0x00000056   Code   RO         3700    x$fpl$f2d           fz_wm.l(f2d.o)
    0x08003322   0x0000008c   Code   RO         3761    x$fpl$fnaninf       fz_wm.l(fnaninf.o)
    0x080033ae   0x0000000a   Code   RO         3910    x$fpl$fpinit        fz_wm.l(fpinit.o)
    0x080033b8   0x0000000a   Code   RO         3763    x$fpl$fretinf       fz_wm.l(fretinf.o)
    0x080033c2   0x00000000   Code   RO         3767    x$fpl$usenofp       fz_wm.l(usenofp.o)
    0x080033c2   0x00000006   PAD
    0x080033c8   0x00000030   Data   RO         3769    .constdata          m_wm.l(cos_i.o)
    0x080033f8   0x000000c8   Data   RO         3792    .constdata          m_wm.l(rred.o)
    0x080034c0   0x00000028   Data   RO         3796    .constdata          m_wm.l(sin_i.o)
    0x080034e8   0x00000020   Data   RO         3977    Region$$Table       anon$$obj.o


    Execution Region RW_IRAM1 (Base: 0x20000000, Size: 0x00000988, Max: 0x00020000, ABSOLUTE)

    Base Addr    Size         Type   Attr      Idx    E Section Name        Object

    0x20000000   0x00000004   Data   RW          340    .data               delay.o
    0x20000004   0x0000001b   Data   RW          455    .data               usart1.o
    0x2000001f   0x00000001   PAD
    0x20000020   0x0000000c   Data   RW          490    .data               uart4.o
    0x2000002c   0x00000010   Data   RW         1716    .data               stm32f4xx_rcc.o
    0x2000003c   0x00000014   Data   RW         3588    .data               handle.o
    0x20000050   0x00000238   Zero   RW            5    .bss                main.o
    0x20000288   0x00000064   Zero   RW          454    .bss                usart1.o
    0x200002ec   0x0000001e   Zero   RW          489    .bss                uart4.o
    0x2000030a   0x0000001e   Zero   RW         3587    .bss                handle.o
    0x20000328   0x00000060   Zero   RW         3838    .bss                c_w.l(libspace.o)
    0x20000388   0x00000200   Zero   RW         3520    HEAP                startup_stm32f40_41xxx.o
    0x20000588   0x00000400   Zero   RW         3519    STACK               startup_stm32f40_41xxx.o


==============================================================================

Image component sizes


      Code (inc. data)   RO Data    RW Data    ZI Data      Debug   Object Name

       284         22          0          4          0       2815   delay.o
      1612        176          0         20         30       5663   handle.o
       156         14          0          0          0       2391   led.o
        42          0          0          0        568     285027   main.o
       180         24          0          0          0       2321   misc.o
        12          0          0          0          0        553   nvic.o
        64         26        392          0       1536        892   startup_stm32f40_41xxx.o
       218          0          0          0          0       2560   stm32f4xx_gpio.o
        54          4          0          0          0       4634   stm32f4xx_it.o
       328         36          0         16          0       4991   stm32f4xx_rcc.o
       778         28          0          0          0      12473   stm32f4xx_tim.o
       486          8          0          0          0       7249   stm32f4xx_usart.o
       340         32          0          0          0       1657   system_stm32f4xx.o
       606         24          0          0          0       3502   timer.o
       764         72          0         12         30       4355   uart4.o
       860         92          0         27        100       3028   usart1.o
       216         14          0          0          0       1400   usart2.o

    ----------------------------------------------------------------------
      7018        572        424         80       2264     345511   Object Totals
         0          0         32          0          0          0   (incl. Generated)
        18          0          0          1          0          0   (incl. Padding)

    ----------------------------------------------------------------------

      Code (inc. data)   RO Data    RW Data    ZI Data      Debug   Library Member Name

         8          0          0          0          0         68   __main.o
         0          0          0          0          0          0   __rtentry.o
        12          0          0          0          0          0   __rtentry2.o
         6          0          0          0          0          0   __rtentry4.o
        52          8          0          0          0          0   __scatter.o
        26          0          0          0          0          0   __scatter_copy.o
        28          0          0          0          0          0   __scatter_zi.o
        22          0          0          0          0        100   _rserrno.o
        12          0          0          0          0         72   exit.o
         6          0          0          0          0        152   heapauxi.o
         0          0          0          0          0          0   indicate_semi.o
         2          0          0          0          0          0   libinit.o
         6          0          0          0          0          0   libinit2.o
         2          0          0          0          0          0   libshutdown.o
         2          0          0          0          0          0   libshutdown2.o
         8          4          0          0         96         68   libspace.o
         8          4          0          0          0         68   rt_errno_addr_intlibspace.o
         2          0          0          0          0          0   rtexit.o
        10          0          0          0          0          0   rtexit2.o
        12          4          0          0          0         68   sys_exit.o
        74          0          0          0          0         80   sys_stackheap_outer.o
         2          0          0          0          0         68   use_no_semi.o
        24          0          0          0          0        164   basic.o
        98          4          0          0          0        140   d2f.o
       826         16          0          0          0        492   daddsub_clz.o
        24          0          0          0          0        116   dcmpi.o
       688        140          0          0          0        256   ddiv.o
       120          4          0          0          0        140   deqf.o
        94          4          0          0          0        140   dfix.o
        84          0          0          0          0        232   dflt_clz.o
       120          4          0          0          0        140   dleqf.o
       340         12          0          0          0        152   dmul.o
       156          4          0          0          0        140   dnaninf.o
        12          0          0          0          0        116   dretinf.o
       108          0          0          0          0        128   drleqf.o
        86          4          0          0          0        132   f2d.o
       140          4          0          0          0        132   fnaninf.o
        10          0          0          0          0        116   fpinit.o
        10          0          0          0          0        116   fretinf.o
         0          0          0          0          0          0   usenofp.o
       200         20          0          0          0        164   cos.o
       368         46         48          0          0        200   cos_i.o
        84         16          0          0          0        372   dunder.o
        44          0          0          0          0        248   fabs.o
        48          0          0          0          0        124   fpclassify.o
       248          0          0          0          0        152   poly.o
      1080        142        200          0          0        188   rred.o
       200         20          0          0          0        164   sin.o
       304         24         40          0          0        208   sin_i.o

    ----------------------------------------------------------------------
      5846        484        288          0         96       5416   Library Totals
        30          0          0          0          0          0   (incl. Padding)

    ----------------------------------------------------------------------

      Code (inc. data)   RO Data    RW Data    ZI Data      Debug   Library Name

       300         20          0          0         96        744   c_w.l
      2940        196          0          0          0       2852   fz_wm.l
      2576        268        288          0          0       1820   m_wm.l

    ----------------------------------------------------------------------
      5846        484        288          0         96       5416   Library Totals

    ----------------------------------------------------------------------

==============================================================================


      Code (inc. data)   RO Data    RW Data    ZI Data      Debug   

     12864       1056        712         80       2360     340567   Grand Totals
     12864       1056        712         80       2360     340567   ELF Image Totals
     12864       1056        712         80          0          0   ROM Totals

==============================================================================

    Total RO  Size (Code + RO Data)                13576 (  13.26kB)
    Total RW  Size (RW Data + ZI Data)              2440 (   2.38kB)
    Total ROM Size (Code + RO Data + RW Data)      13656 (  13.34kB)

==============================================================================

